<html>
<body>
<pre>
<h1>µVision Build Log</h1>
<h2>Tool Versions:</h2>
IDE-Version: ¦ÌVision V5.39.0.0
Copyright (C) 2023 ARM Ltd and ARM Germany GmbH. All rights reserved.
License Information: Const String, -, LIC=SDAOP-MY1UI-45PT5-GHU5Z-R17VI-NKP57
 
Tool Versions:
Toolchain:       MDK-ARM Plus  Version: 5.39.0.0
Toolchain Path:  E:\Hardware\MDK\Core\ARM\ARMCC\Bin
C Compiler:      Armcc.exe V5.06 update 7 (build 960)
Assembler:       Armasm.exe V5.06 update 7 (build 960)
Linker/Locator:  ArmLink.exe V5.06 update 7 (build 960)
Library Manager: ArmAr.exe V5.06 update 7 (build 960)
Hex Converter:   FromElf.exe V5.06 update 7 (build 960)
CPU DLL:         SARMCM3.DLL V5.39.0.0
Dialog DLL:      DCM.DLL V1.17.5.0
Target DLL:      STLink\ST-LINKIII-KEIL_SWO.dll V3.2.0.0
Dialog DLL:      TCM.DLL V1.56.4.0
 
<h2>Project:</h2>
D:\Code\git\2025UESTCMengShengCup_C\examples\DSP_Setup\MDK-ARM\DSP_Setup.uvprojx
Project File Date:  09/04/2025

<h2>Output:</h2>
*** Using Compiler 'V5.06 update 7 (build 960)', folder: 'E:\Hardware\MDK\Core\ARM\ARMCC\Bin'
Build target 'DSP_Setup'
assembling startup_stm32g431xx.s...
compiling stm32g4xx_hal_msp.c...
compiling stm32g4xx_hal_tim_ex.c...
compiling stm32g4xx_hal_tim.c...
compiling stm32g4xx_it.c...
compiling main.c...
compiling gpio.c...
compiling usart.c...
compiling stm32g4xx_hal_uart_ex.c...
compiling stm32g4xx_hal.c...
compiling stm32g4xx_hal_flash.c...
compiling stm32g4xx_hal_pwr_ex.c...
compiling stm32g4xx_hal_rcc.c...
compiling stm32g4xx_hal_rcc_ex.c...
compiling stm32g4xx_hal_uart.c...
compiling BayesFunctionsF16.c...
compiling BayesFunctions.c...
compiling BasicMathFunctionsF16.c...
compiling BasicMathFunctions.c...
compiling ComplexMathFunctionsF16.c...
compiling CommonTablesF16.c...
compiling ControllerFunctions.c...
compiling ComplexMathFunctions.c...
compiling CommonTables.c...
compiling DistanceFunctionsF16.c...
compiling DistanceFunctions.c...
E:/Hardware/MDK/Packs/ARM/CMSIS-DSP/1.15.0/Source/DistanceFunctions/DistanceFunctions.c(54): warning:  #1-D: last line of file ends without a newline
  #include "arm_dtw_init_window_q7.c"
E:/Hardware/MDK/Packs/ARM/CMSIS-DSP/1.15.0/Source/DistanceFunctions/DistanceFunctions.c: 1 warning, 0 errors
compiling FastMathFunctionsF16.c...
E:/Hardware/MDK/Packs/ARM/CMSIS-DSP/1.15.0/Source/FastMathFunctions/arm_vexp_f16.c(96): warning:  #1-D: last line of file ends without a newline
   */
E:/Hardware/MDK/Packs/ARM/CMSIS-DSP/1.15.0/Source/FastMathFunctions/FastMathFunctionsF16.c: 1 warning, 0 errors
compiling FastMathFunctions.c...
E:/Hardware/MDK/Packs/ARM/CMSIS-DSP/1.15.0/Source/FastMathFunctions/arm_vexp_f32.c(123): warning:  #1-D: last line of file ends without a newline
   */
E:/Hardware/MDK/Packs/ARM/CMSIS-DSP/1.15.0/Source/FastMathFunctions/FastMathFunctions.c: 1 warning, 0 errors
compiling stm32g4xx_hal_flash_ramfunc.c...
compiling FilteringFunctionsF16.c...
compiling stm32g4xx_hal_flash_ex.c...
compiling stm32g4xx_hal_dma_ex.c...
compiling stm32g4xx_hal_exti.c...
compiling stm32g4xx_hal_gpio.c...
compiling stm32g4xx_hal_pwr.c...
compiling InterpolationFunctions.c...
compiling stm32g4xx_hal_dma.c...
compiling InterpolationFunctionsF16.c...
compiling stm32g4xx_hal_cortex.c...
compiling system_stm32g4xx.c...
compiling MatrixFunctionsF16.c...
E:/Hardware/MDK/Packs/ARM/CMSIS-DSP/1.15.0/Source/MatrixFunctions/MatrixFunctionsF16.c(43): warning:  #1-D: last line of file ends without a newline
  #include "arm_householder_f16.c"
E:/Hardware/MDK/Packs/ARM/CMSIS-DSP/1.15.0/Source/MatrixFunctions/MatrixFunctionsF16.c: 1 warning, 0 errors
compiling SVMFunctions.c...
compiling SVMFunctionsF16.c...
compiling QuaternionMathFunctions.c...
compiling StatisticsFunctionsF16.c...
compiling SupportFunctionsF16.c...
compiling TransformFunctionsF16.c...
E:/Hardware/MDK/Packs/ARM/CMSIS-DSP/1.15.0/Source/TransformFunctions/arm_cfft_init_f16.c(356): warning:  #1-D: last line of file ends without a newline
   */
E:/Hardware/MDK/Packs/ARM/CMSIS-DSP/1.15.0/Source/TransformFunctions/TransformFunctionsF16.c: 1 warning, 0 errors
compiling SupportFunctions.c...
compiling StatisticsFunctions.c...
compiling MatrixFunctions.c...
compiling TransformFunctions.c...
E:/Hardware/MDK/Packs/ARM/CMSIS-DSP/1.15.0/Source/TransformFunctions/arm_cfft_init_f64.c(286): warning:  #1-D: last line of file ends without a newline
   */
E:/Hardware/MDK/Packs/ARM/CMSIS-DSP/1.15.0/Source/TransformFunctions/arm_cfft_init_q15.c(338): warning:  #1-D: last line of file ends without a newline
   */
E:/Hardware/MDK/Packs/ARM/CMSIS-DSP/1.15.0/Source/TransformFunctions/arm_cfft_init_q31.c(341): warning:  #1-D: last line of file ends without a newline
   */
E:/Hardware/MDK/Packs/ARM/CMSIS-DSP/1.15.0/Source/TransformFunctions/arm_rfft_fast_init_f32.c(311): warning:  #111-D: statement is unreachable
      break;
E:/Hardware/MDK/Packs/ARM/CMSIS-DSP/1.15.0/Source/TransformFunctions/arm_rfft_fast_init_f64.c(315): warning:  #111-D: statement is unreachable
      break;
E:/Hardware/MDK/Packs/ARM/CMSIS-DSP/1.15.0/Source/TransformFunctions/TransformFunctions.c: 5 warnings, 0 errors
compiling FilteringFunctions.c...
linking...
Program Size: Code=6128 RO-data=568 RW-data=16 ZI-data=1776  
FromELF: creating hex file...
"DSP_Setup\DSP_Setup.axf" - 0 Error(s), 10 Warning(s).

<h2>Software Packages used:</h2>

Package Vendor: ARM
                http://www.keil.com/pack/ARM.CMSIS.5.9.0.pack
                ARM::CMSIS@5.9.0
                CMSIS (Common Microcontroller Software Interface Standard)
   * Component: CORE Version: 5.6.0

Package Vendor: ARM
                https://www.keil.com/pack/ARM.CMSIS-DSP.1.15.0.pack
                ARM::CMSIS-DSP@1.15.0
                CMSIS Embedded Compute Library
   * Component: DSP Variant: Source Version: 1.15.0

Package Vendor: Keil
                https://www.keil.com/pack/Keil.STM32G4xx_DFP.1.6.0.pack
                Keil::STM32G4xx_DFP@1.6.0
                STMicroelectronics STM32G4 Series Device Support, Drivers and Examples

<h2>Collection of Component include folders:</h2>
  ./RTE/_DSP_Setup
  E:/Hardware/MDK/Packs/ARM/CMSIS-DSP/1.15.0/Include
  E:/Hardware/MDK/Packs/ARM/CMSIS-DSP/1.15.0/PrivateInclude
  E:/Hardware/MDK/Packs/ARM/CMSIS/5.9.0/CMSIS/Core/Include
  E:/Hardware/MDK/Packs/Keil/STM32G4xx_DFP/1.6.0/Drivers/CMSIS/Device/ST/STM32G4xx/Include

<h2>Collection of Component Files used:</h2>

   * Component: ARM::CMSIS:CORE@5.6.0
      Include file:  CMSIS/Core/Include/tz_context.h

   * Component: ARM::CMSIS:DSP&Source@1.15.0
      Include file:  Include/arm_math.h
      Source file:   Source/ComplexMathFunctions/ComplexMathFunctions.c
      Source file:   Source/TransformFunctions/TransformFunctionsF16.c
      Source file:   Source/BayesFunctions/BayesFunctions.c
      Source file:   Source/StatisticsFunctions/StatisticsFunctionsF16.c
      Source file:   Source/SupportFunctions/SupportFunctionsF16.c
      Source file:   Source/FastMathFunctions/FastMathFunctionsF16.c
      Source file:   Source/CommonTables/CommonTables.c
      Include file:  Include/arm_common_tables.h
      Include file:  Include/arm_const_structs_f16.h
      Source file:   Source/FilteringFunctions/FilteringFunctions.c
      Source file:   Source/DistanceFunctions/DistanceFunctions.c
      Include file:  Include/arm_const_structs.h
      Source file:   Source/QuaternionMathFunctions/QuaternionMathFunctions.c
      Source file:   Source/InterpolationFunctions/InterpolationFunctions.c
      Source file:   Source/SupportFunctions/SupportFunctions.c
      Source file:   Source/BasicMathFunctions/BasicMathFunctionsF16.c
      Source file:   Source/SVMFunctions/SVMFunctions.c
      Source file:   Source/CommonTables/CommonTablesF16.c
      Source file:   Source/InterpolationFunctions/InterpolationFunctionsF16.c
      Include file:  Include/arm_common_tables_f16.h
      Include file:  Include/arm_math_f16.h
      Source file:   Source/MatrixFunctions/MatrixFunctions.c
      Source file:   Source/StatisticsFunctions/StatisticsFunctions.c
      Source file:   Source/ComplexMathFunctions/ComplexMathFunctionsF16.c
      Source file:   Source/FastMathFunctions/FastMathFunctions.c
      Source file:   Source/TransformFunctions/TransformFunctions.c
      Source file:   Source/ControllerFunctions/ControllerFunctions.c
      Source file:   Source/FilteringFunctions/FilteringFunctionsF16.c
      Source file:   Source/MatrixFunctions/MatrixFunctionsF16.c
      Source file:   Source/BasicMathFunctions/BasicMathFunctions.c
      Source file:   Source/DistanceFunctions/DistanceFunctionsF16.c
      Source file:   Source/SVMFunctions/SVMFunctionsF16.c
      Source file:   Source/BayesFunctions/BayesFunctionsF16.c
Build Time Elapsed:  00:00:28
</pre>
</body>
</html>
