Component: ARM Compiler 5.06 update 7 (build 960) Tool: armlink [4d3601]

==============================================================================

Section Cross References

    startup_stm32g431xx.o(STACK) refers (Special) to heapauxi.o(.text) for __use_two_region_memory
    startup_stm32g431xx.o(HEAP) refers (Special) to heapauxi.o(.text) for __use_two_region_memory
    startup_stm32g431xx.o(RESET) refers (Special) to heapauxi.o(.text) for __use_two_region_memory
    startup_stm32g431xx.o(RESET) refers to startup_stm32g431xx.o(STACK) for __initial_sp
    startup_stm32g431xx.o(RESET) refers to startup_stm32g431xx.o(.text) for Reset_Handler
    startup_stm32g431xx.o(RESET) refers to stm32g4xx_it.o(i.NMI_Handler) for NMI_Handler
    startup_stm32g431xx.o(RESET) refers to stm32g4xx_it.o(i.HardFault_Handler) for HardFault_Handler
    startup_stm32g431xx.o(RESET) refers to stm32g4xx_it.o(i.MemManage_Handler) for MemManage_Handler
    startup_stm32g431xx.o(RESET) refers to stm32g4xx_it.o(i.BusFault_Handler) for BusFault_Handler
    startup_stm32g431xx.o(RESET) refers to stm32g4xx_it.o(i.UsageFault_Handler) for UsageFault_Handler
    startup_stm32g431xx.o(RESET) refers to stm32g4xx_it.o(i.SVC_Handler) for SVC_Handler
    startup_stm32g431xx.o(RESET) refers to stm32g4xx_it.o(i.DebugMon_Handler) for DebugMon_Handler
    startup_stm32g431xx.o(RESET) refers to stm32g4xx_it.o(i.PendSV_Handler) for PendSV_Handler
    startup_stm32g431xx.o(RESET) refers to stm32g4xx_it.o(i.SysTick_Handler) for SysTick_Handler
    startup_stm32g431xx.o(.text) refers (Special) to heapauxi.o(.text) for __use_two_region_memory
    startup_stm32g431xx.o(.text) refers to system_stm32g4xx.o(i.SystemInit) for SystemInit
    startup_stm32g431xx.o(.text) refers to __main.o(!!!main) for __main
    startup_stm32g431xx.o(.text) refers to startup_stm32g431xx.o(HEAP) for Heap_Mem
    startup_stm32g431xx.o(.text) refers to startup_stm32g431xx.o(STACK) for Stack_Mem
    main.o(i.SystemClock_Config) refers to rt_memclr_w.o(.text) for __aeabi_memclr4
    main.o(i.SystemClock_Config) refers to stm32g4xx_hal_pwr_ex.o(i.HAL_PWREx_ControlVoltageScaling) for HAL_PWREx_ControlVoltageScaling
    main.o(i.SystemClock_Config) refers to stm32g4xx_hal_rcc.o(i.HAL_RCC_OscConfig) for HAL_RCC_OscConfig
    main.o(i.SystemClock_Config) refers to stm32g4xx_hal_rcc.o(i.HAL_RCC_ClockConfig) for HAL_RCC_ClockConfig
    main.o(i.main) refers to stm32g4xx_hal.o(i.HAL_Init) for HAL_Init
    main.o(i.main) refers to main.o(i.SystemClock_Config) for SystemClock_Config
    main.o(i.main) refers to gpio.o(i.MX_GPIO_Init) for MX_GPIO_Init
    main.o(i.main) refers to usart.o(i.MX_USART3_UART_Init) for MX_USART3_UART_Init
    main.o(i.main) refers to sinf.o(i.__hardfp_sinf) for __hardfp_sinf
    main.o(i.main) refers to transformfunctions.o(i.arm_cfft_f32) for arm_cfft_f32
    main.o(i.main) refers to complexmathfunctions.o(i.arm_cmplx_mag_f32) for arm_cmplx_mag_f32
    main.o(i.main) refers to f2d.o(x$fpl$f2d) for __aeabi_f2d
    main.o(i.main) refers to main.o(i.myprintf) for myprintf
    main.o(i.main) refers to main.o(.bss) for .bss
    main.o(i.main) refers to commontables.o(.constdata) for arm_cfft_sR_f32_len512
    main.o(i.myprintf) refers to vsnprintf.o(.text) for vsnprintf
    main.o(i.myprintf) refers to strlen.o(.text) for strlen
    main.o(i.myprintf) refers to stm32g4xx_hal_uart.o(i.HAL_UART_Transmit) for HAL_UART_Transmit
    main.o(i.myprintf) refers to usart.o(.bss) for huart3
    usart.o(i.HAL_UART_MspDeInit) refers to stm32g4xx_hal_gpio.o(i.HAL_GPIO_DeInit) for HAL_GPIO_DeInit
    usart.o(i.HAL_UART_MspInit) refers to rt_memclr_w.o(.text) for __aeabi_memclr4
    usart.o(i.HAL_UART_MspInit) refers to stm32g4xx_hal_rcc_ex.o(i.HAL_RCCEx_PeriphCLKConfig) for HAL_RCCEx_PeriphCLKConfig
    usart.o(i.HAL_UART_MspInit) refers to main.o(i.Error_Handler) for Error_Handler
    usart.o(i.HAL_UART_MspInit) refers to stm32g4xx_hal_gpio.o(i.HAL_GPIO_Init) for HAL_GPIO_Init
    usart.o(i.MX_USART3_UART_Init) refers to stm32g4xx_hal_uart.o(i.HAL_UART_Init) for HAL_UART_Init
    usart.o(i.MX_USART3_UART_Init) refers to main.o(i.Error_Handler) for Error_Handler
    usart.o(i.MX_USART3_UART_Init) refers to stm32g4xx_hal_uart_ex.o(i.HAL_UARTEx_SetTxFifoThreshold) for HAL_UARTEx_SetTxFifoThreshold
    usart.o(i.MX_USART3_UART_Init) refers to stm32g4xx_hal_uart_ex.o(i.HAL_UARTEx_SetRxFifoThreshold) for HAL_UARTEx_SetRxFifoThreshold
    usart.o(i.MX_USART3_UART_Init) refers to stm32g4xx_hal_uart_ex.o(i.HAL_UARTEx_DisableFifoMode) for HAL_UARTEx_DisableFifoMode
    usart.o(i.MX_USART3_UART_Init) refers to usart.o(.bss) for .bss
    stm32g4xx_it.o(i.SysTick_Handler) refers to stm32g4xx_hal.o(i.HAL_IncTick) for HAL_IncTick
    stm32g4xx_hal_msp.o(i.HAL_MspInit) refers to stm32g4xx_hal_pwr_ex.o(i.HAL_PWREx_DisableUCPDDeadBattery) for HAL_PWREx_DisableUCPDDeadBattery
    stm32g4xx_hal_pwr_ex.o(i.HAL_PWREx_ControlVoltageScaling) refers to system_stm32g4xx.o(.data) for SystemCoreClock
[...]
    .ARM.Collect$$libinit$$00000030          0x080002fe   Section        0  libinit2.o(.ARM.Collect$$libinit$$00000030)
    .ARM.Collect$$libinit$$00000032          0x080002fe   Section        0  libinit2.o(.ARM.Collect$$libinit$$00000032)
    .ARM.Collect$$libinit$$00000033          0x080002fe   Section        2  libinit2.o(.ARM.Collect$$libinit$$00000033)
    .ARM.Collect$$libshutdown$$00000000      0x08000300   Section        2  libshutdown.o(.ARM.Collect$$libshutdown$$00000000)
    .ARM.Collect$$libshutdown$$00000002      0x08000302   Section        0  libshutdown2.o(.ARM.Collect$$libshutdown$$00000002)
    .ARM.Collect$$libshutdown$$00000004      0x08000302   Section        0  libshutdown2.o(.ARM.Collect$$libshutdown$$00000004)
    .ARM.Collect$$libshutdown$$00000006      0x08000302   Section        0  libshutdown2.o(.ARM.Collect$$libshutdown$$00000006)
    .ARM.Collect$$libshutdown$$00000009      0x08000302   Section        0  libshutdown2.o(.ARM.Collect$$libshutdown$$00000009)
    .ARM.Collect$$libshutdown$$0000000C      0x08000302   Section        0  libshutdown2.o(.ARM.Collect$$libshutdown$$0000000C)
    .ARM.Collect$$libshutdown$$0000000E      0x08000302   Section        0  libshutdown2.o(.ARM.Collect$$libshutdown$$0000000E)
    .ARM.Collect$$libshutdown$$00000011      0x08000302   Section        0  libshutdown2.o(.ARM.Collect$$libshutdown$$00000011)
    .ARM.Collect$$libshutdown$$00000012      0x08000302   Section        2  libshutdown2.o(.ARM.Collect$$libshutdown$$00000012)
    .ARM.Collect$$rtentry$$00000000          0x08000304   Section        0  __rtentry.o(.ARM.Collect$$rtentry$$00000000)
    .ARM.Collect$$rtentry$$00000002          0x08000304   Section        0  __rtentry2.o(.ARM.Collect$$rtentry$$00000002)
    .ARM.Collect$$rtentry$$00000004          0x08000304   Section        6  __rtentry4.o(.ARM.Collect$$rtentry$$00000004)
    .ARM.Collect$$rtentry$$00000009          0x0800030a   Section        0  __rtentry2.o(.ARM.Collect$$rtentry$$00000009)
    .ARM.Collect$$rtentry$$0000000A          0x0800030a   Section        4  __rtentry2.o(.ARM.Collect$$rtentry$$0000000A)
    .ARM.Collect$$rtentry$$0000000C          0x0800030e   Section        0  __rtentry2.o(.ARM.Collect$$rtentry$$0000000C)
    .ARM.Collect$$rtentry$$0000000D          0x0800030e   Section        8  __rtentry2.o(.ARM.Collect$$rtentry$$0000000D)
    .ARM.Collect$$rtexit$$00000000           0x08000316   Section        2  rtexit.o(.ARM.Collect$$rtexit$$00000000)
    .ARM.Collect$$rtexit$$00000002           0x08000318   Section        0  rtexit2.o(.ARM.Collect$$rtexit$$00000002)
    .ARM.Collect$$rtexit$$00000003           0x08000318   Section        4  rtexit2.o(.ARM.Collect$$rtexit$$00000003)
    .ARM.Collect$$rtexit$$00000004           0x0800031c   Section        6  rtexit2.o(.ARM.Collect$$rtexit$$00000004)
    .text                                    0x08000324   Section       64  startup_stm32g431xx.o(.text)
    $v0                                      0x08000324   Number         0  startup_stm32g431xx.o(.text)
    .text                                    0x08000364   Section      238  lludivv7m.o(.text)
    .text                                    0x08000454   Section        0  vsnprintf.o(.text)
    .text                                    0x08000488   Section        0  strlen.o(.text)
    .text                                    0x080004c6   Section       78  rt_memclr_w.o(.text)
    .text                                    0x08000514   Section        0  heapauxi.o(.text)
    .text                                    0x0800051a   Section        0  _rserrno.o(.text)
    .text                                    0x08000530   Section        0  _printf_pad.o(.text)
    .text                                    0x0800057e   Section        0  _printf_truncate.o(.text)
    .text                                    0x080005a2   Section        0  _printf_str.o(.text)
    .text                                    0x080005f4   Section        0  _printf_dec.o(.text)
    .text                                    0x0800066c   Section        0  _printf_charcount.o(.text)
    .text                                    0x08000694   Section        0  _printf_char_common.o(.text)
    _printf_input_char                       0x08000695   Thumb Code    10  _printf_char_common.o(.text)
    .text                                    0x080006c4   Section        0  _sputc.o(.text)
    .text                                    0x080006ce   Section        0  _snputc.o(.text)
    .text                                    0x080006e0   Section        0  _printf_wctomb.o(.text)
    .text                                    0x0800079c   Section        0  _printf_longlong_dec.o(.text)
    .text                                    0x08000818   Section        0  _printf_oct_int_ll.o(.text)
    _printf_longlong_oct_internal            0x08000819   Thumb Code     0  _printf_oct_int_ll.o(.text)
    .text                                    0x08000888   Section        0  _printf_hex_int_ll_ptr.o(.text)
    _printf_hex_common                       0x08000889   Thumb Code     0  _printf_hex_int_ll_ptr.o(.text)
    .text                                    0x0800091c   Section        0  __printf_flags_ss_wp.o(.text)
    .text                                    0x08000aa4   Section        8  rt_errno_addr_intlibspace.o(.text)
    .text                                    0x08000aac   Section      138  lludiv10.o(.text)
    .text                                    0x08000b36   Section        0  _printf_intcommon.o(.text)
    .text                                    0x08000be8   Section        0  _printf_fp_dec.o(.text)
    _fp_digits                               0x08000beb   Thumb Code   432  _printf_fp_dec.o(.text)
    .text                                    0x08001008   Section        0  _printf_fp_hex.o(.text)
    .text                                    0x08001304   Section        0  _printf_char.o(.text)
    .text                                    0x08001330   Section        0  _printf_wchar.o(.text)
    .text                                    0x0800135c   Section        0  _wcrtomb.o(.text)
    .text                                    0x0800139c   Section        8  libspace.o(.text)
    .text                                    0x080013a4   Section       74  sys_stackheap_outer.o(.text)
    .text                                    0x080013f0   Section       16  rt_ctype_table.o(.text)
    .text                                    0x08001400   Section        8  rt_locale_intlibspace.o(.text)
    .text                                    0x08001408   Section        0  _printf_fp_infnan.o(.text)
    .text                                    0x08001488   Section        0  bigflt0.o(.text)
    .text                                    0x0800156c   Section        0  exit.o(.text)
    .text                                    0x08001580   Section      128  strcmpv7m.o(.text)
    .text                                    0x08001600   Section        0  sys_exit.o(.text)
    .text                                    0x0800160c   Section        2  use_no_semi.o(.text)
    .text                                    0x0800160e   Section        0  indicate_semi.o(.text)
    CL$$btod_d2e                             0x0800160e   Section       62  btod.o(CL$$btod_d2e)
    CL$$btod_d2e_denorm_low                  0x0800164c   Section       70  btod.o(CL$$btod_d2e_denorm_low)
    CL$$btod_d2e_norm_op1                    0x08001692   Section       96  btod.o(CL$$btod_d2e_norm_op1)
    CL$$btod_div_common                      0x080016f2   Section      824  btod.o(CL$$btod_div_common)
    CL$$btod_e2e                             0x08001a2a   Section      220  btod.o(CL$$btod_e2e)
    CL$$btod_ediv                            0x08001b06   Section       42  btod.o(CL$$btod_ediv)
    CL$$btod_emul                            0x08001b30   Section       42  btod.o(CL$$btod_emul)
    CL$$btod_mult_common                     0x08001b5a   Section      580  btod.o(CL$$btod_mult_common)
    i.BusFault_Handler                       0x08001d9e   Section        0  stm32g4xx_it.o(i.BusFault_Handler)
    i.DebugMon_Handler                       0x08001da0   Section        0  stm32g4xx_it.o(i.DebugMon_Handler)
    i.Error_Handler                          0x08001da2   Section        0  main.o(i.Error_Handler)
    i.HAL_GPIO_Init                          0x08001da8   Section        0  stm32g4xx_hal_gpio.o(i.HAL_GPIO_Init)
    i.HAL_GetTick                            0x08001ff0   Section        0  stm32g4xx_hal.o(i.HAL_GetTick)
    i.HAL_IncTick                            0x08001ffc   Section        0  stm32g4xx_hal.o(i.HAL_IncTick)
    i.HAL_Init                               0x0800200c   Section        0  stm32g4xx_hal.o(i.HAL_Init)
    i.HAL_InitTick                           0x0800202c   Section        0  stm32g4xx_hal.o(i.HAL_InitTick)
    i.HAL_MspInit                            0x08002070   Section        0  stm32g4xx_hal_msp.o(i.HAL_MspInit)
    i.HAL_NVIC_SetPriority                   0x080020a0   Section        0  stm32g4xx_hal_cortex.o(i.HAL_NVIC_SetPriority)
    i.HAL_NVIC_SetPriorityGrouping           0x080020e0   Section        0  stm32g4xx_hal_cortex.o(i.HAL_NVIC_SetPriorityGrouping)
    i.HAL_PWREx_ControlVoltageScaling        0x08002104   Section        0  stm32g4xx_hal_pwr_ex.o(i.HAL_PWREx_ControlVoltageScaling)
    i.HAL_PWREx_DisableUCPDDeadBattery       0x080021c0   Section        0  stm32g4xx_hal_pwr_ex.o(i.HAL_PWREx_DisableUCPDDeadBattery)
    i.HAL_RCCEx_PeriphCLKConfig              0x080021d0   Section        0  stm32g4xx_hal_rcc_ex.o(i.HAL_RCCEx_PeriphCLKConfig)
    i.HAL_RCC_ClockConfig                    0x08002458   Section        0  stm32g4xx_hal_rcc.o(i.HAL_RCC_ClockConfig)
    i.HAL_RCC_GetPCLK1Freq                   0x08002634   Section        0  stm32g4xx_hal_rcc.o(i.HAL_RCC_GetPCLK1Freq)
    i.HAL_RCC_GetPCLK2Freq                   0x08002658   Section        0  stm32g4xx_hal_rcc.o(i.HAL_RCC_GetPCLK2Freq)
    i.HAL_RCC_GetSysClockFreq                0x0800267c   Section        0  stm32g4xx_hal_rcc.o(i.HAL_RCC_GetSysClockFreq)
    i.HAL_RCC_OscConfig                      0x080026e8   Section        0  stm32g4xx_hal_rcc.o(i.HAL_RCC_OscConfig)
    i.HAL_SYSTICK_Config                     0x08002af4   Section        0  stm32g4xx_hal_cortex.o(i.HAL_SYSTICK_Config)
    i.HAL_UARTEx_DisableFifoMode             0x08002b1c   Section        0  stm32g4xx_hal_uart_ex.o(i.HAL_UARTEx_DisableFifoMode)
    i.HAL_UARTEx_SetRxFifoThreshold          0x08002b5a   Section        0  stm32g4xx_hal_uart_ex.o(i.HAL_UARTEx_SetRxFifoThreshold)
    i.HAL_UARTEx_SetTxFifoThreshold          0x08002ba6   Section        0  stm32g4xx_hal_uart_ex.o(i.HAL_UARTEx_SetTxFifoThreshold)
    i.HAL_UART_Init                          0x08002bf2   Section        0  stm32g4xx_hal_uart.o(i.HAL_UART_Init)
    i.HAL_UART_MspInit                       0x08002c5c   Section        0  usart.o(i.HAL_UART_MspInit)
    i.HAL_UART_Transmit                      0x08002cdc   Section        0  stm32g4xx_hal_uart.o(i.HAL_UART_Transmit)
    i.HardFault_Handler                      0x08002d98   Section        0  stm32g4xx_it.o(i.HardFault_Handler)
    i.MX_GPIO_Init                           0x08002d9c   Section        0  gpio.o(i.MX_GPIO_Init)
    i.MX_USART3_UART_Init                    0x08002de8   Section        0  usart.o(i.MX_USART3_UART_Init)
    i.MemManage_Handler                      0x08002e50   Section        0  stm32g4xx_it.o(i.MemManage_Handler)
    i.NMI_Handler                            0x08002e52   Section        0  stm32g4xx_it.o(i.NMI_Handler)
    i.PendSV_Handler                         0x08002e54   Section        0  stm32g4xx_it.o(i.PendSV_Handler)
    i.SVC_Handler                            0x08002e56   Section        0  stm32g4xx_it.o(i.SVC_Handler)
    i.SysTick_Handler                        0x08002e58   Section        0  stm32g4xx_it.o(i.SysTick_Handler)
    i.SystemClock_Config                     0x08002e5c   Section        0  main.o(i.SystemClock_Config)
    i.SystemInit                             0x08002ec0   Section        0  system_stm32g4xx.o(i.SystemInit)
    i.UARTEx_SetNbDataToProcess              0x08002ed0   Section        0  stm32g4xx_hal_uart_ex.o(i.UARTEx_SetNbDataToProcess)
    UARTEx_SetNbDataToProcess                0x08002ed1   Thumb Code    62  stm32g4xx_hal_uart_ex.o(i.UARTEx_SetNbDataToProcess)
    i.UART_AdvFeatureConfig                  0x08002f14   Section        0  stm32g4xx_hal_uart.o(i.UART_AdvFeatureConfig)
    i.UART_CheckIdleState                    0x08002fdc   Section        0  stm32g4xx_hal_uart.o(i.UART_CheckIdleState)
    i.UART_SetConfig                         0x0800303c   Section        0  stm32g4xx_hal_uart.o(i.UART_SetConfig)
    i.UART_WaitOnFlagUntilTimeout            0x080032b0   Section        0  stm32g4xx_hal_uart.o(i.UART_WaitOnFlagUntilTimeout)
    i.UsageFault_Handler                     0x08003376   Section        0  stm32g4xx_it.o(i.UsageFault_Handler)
    i.__ARM_fpclassify                       0x08003378   Section        0  fpclassify.o(i.__ARM_fpclassify)
    i.__ARM_fpclassifyf                      0x080033a8   Section        0  fpclassifyf.o(i.__ARM_fpclassifyf)
    i.__NVIC_SetPriority                     0x080033ce   Section        0  stm32g4xx_hal_cortex.o(i.__NVIC_SetPriority)
    __NVIC_SetPriority                       0x080033cf   Thumb Code    32  stm32g4xx_hal_cortex.o(i.__NVIC_SetPriority)
    i.__hardfp_sinf                          0x080033f0   Section        0  sinf.o(i.__hardfp_sinf)
    i.__mathlib_flt_infnan                   0x08003580   Section        0  funder.o(i.__mathlib_flt_infnan)
    i.__mathlib_flt_invalid                  0x08003588   Section        0  funder.o(i.__mathlib_flt_invalid)
    i.__mathlib_flt_underflow                0x08003598   Section        0  funder.o(i.__mathlib_flt_underflow)
    i.__mathlib_rredf2                       0x080035a8   Section        0  rredf.o(i.__mathlib_rredf2)
    i._is_digit                              0x080036fc   Section        0  __printf_wp.o(i._is_digit)
    i.arm_bitreversal_32                     0x0800370c   Section        0  transformfunctions.o(i.arm_bitreversal_32)
    i.arm_cfft_f32                           0x0800374a   Section        0  transformfunctions.o(i.arm_cfft_f32)
    i.arm_cfft_radix8by2_f32                 0x08003816   Section        0  transformfunctions.o(i.arm_cfft_radix8by2_f32)
    i.arm_cfft_radix8by4_f32                 0x0800399e   Section        0  transformfunctions.o(i.arm_cfft_radix8by4_f32)
    i.arm_cmplx_mag_f32                      0x08003dcc   Section        0  complexmathfunctions.o(i.arm_cmplx_mag_f32)
    i.arm_radix8_butterfly_f32               0x08003e10   Section        0  transformfunctions.o(i.arm_radix8_butterfly_f32)
    i.main                                   0x080042d4   Section        0  main.o(i.main)
    i.myprintf                               0x08004400   Section        0  main.o(i.myprintf)
    locale$$code                             0x08004430   Section       44  lc_numeric_c.o(locale$$code)
    locale$$code                             0x0800445c   Section       44  lc_ctype_c.o(locale$$code)
    x$fpl$dretinf                            0x08004488   Section       12  dretinf.o(x$fpl$dretinf)
    $v0                                      0x08004488   Number         0  dretinf.o(x$fpl$dretinf)
    x$fpl$f2d                                0x08004494   Section       86  f2d.o(x$fpl$f2d)
    $v0                                      0x08004494   Number         0  f2d.o(x$fpl$f2d)
    x$fpl$fnaninf                            0x080044ea   Section      140  fnaninf.o(x$fpl$fnaninf)
    $v0                                      0x080044ea   Number         0  fnaninf.o(x$fpl$fnaninf)
    x$fpl$fpinit                             0x08004576   Section       10  fpinit.o(x$fpl$fpinit)
    $v0                                      0x08004576   Number         0  fpinit.o(x$fpl$fpinit)
    x$fpl$printf1                            0x08004580   Section        4  printf1.o(x$fpl$printf1)
    $v0                                      0x08004580   Number         0  printf1.o(x$fpl$printf1)
    x$fpl$printf2                            0x08004584   Section        4  printf2.o(x$fpl$printf2)
    $v0                                      0x08004584   Number         0  printf2.o(x$fpl$printf2)
    .constdata                               0x08004588   Section       24  stm32g4xx_hal_uart.o(.constdata)
    x$fpl$usenofp                            0x08004588   Section        0  usenofp.o(x$fpl$usenofp)
    .constdata                               0x080045a0   Section       16  stm32g4xx_hal_uart_ex.o(.constdata)
    numerator                                0x080045a0   Data           8  stm32g4xx_hal_uart_ex.o(.constdata)
    denominator                              0x080045a8   Data           8  stm32g4xx_hal_uart_ex.o(.constdata)
    .constdata                               0x080045b0   Section       16  system_stm32g4xx.o(.constdata)
    .constdata                               0x080045c0   Section        8  system_stm32g4xx.o(.constdata)
    .constdata                               0x080045c8   Section     4096  commontables.o(.constdata)
    .constdata                               0x080055c8   Section      896  commontables.o(.constdata)
    .constdata                               0x08005948   Section       16  commontables.o(.constdata)
    .constdata                               0x08005958   Section        8  _printf_wctomb.o(.constdata)
    initial_mbstate                          0x08005958   Data           8  _printf_wctomb.o(.constdata)
    .constdata                               0x08005960   Section       40  _printf_hex_int_ll_ptr.o(.constdata)
    uc_hextab                                0x08005960   Data          20  _printf_hex_int_ll_ptr.o(.constdata)
    lc_hextab                                0x08005974   Data          20  _printf_hex_int_ll_ptr.o(.constdata)
    .constdata                               0x08005988   Section       17  __printf_flags_ss_wp.o(.constdata)
    maptable                                 0x08005988   Data          17  __printf_flags_ss_wp.o(.constdata)
    .constdata                               0x0800599c   Section       32  rredf.o(.constdata)
    twooverpi                                0x0800599c   Data          32  rredf.o(.constdata)
    .constdata                               0x080059bc   Section       38  _printf_fp_hex.o(.constdata)
    lc_hextab                                0x080059bc   Data          19  _printf_fp_hex.o(.constdata)
    uc_hextab                                0x080059cf   Data          19  _printf_fp_hex.o(.constdata)
    .constdata                               0x080059e4   Section      148  bigflt0.o(.constdata)
    tenpwrs_x                                0x080059e4   Data          60  bigflt0.o(.constdata)
    tenpwrs_i                                0x08005a20   Data          64  bigflt0.o(.constdata)
    locale$$data                             0x08005a98   Section       28  lc_numeric_c.o(locale$$data)
    __lcnum_c_name                           0x08005a9c   Data           2  lc_numeric_c.o(locale$$data)
    __lcnum_c_start                          0x08005aa4   Data           0  lc_numeric_c.o(locale$$data)
    __lcnum_c_point                          0x08005ab0   Data           0  lc_numeric_c.o(locale$$data)
    __lcnum_c_thousands                      0x08005ab2   Data           0  lc_numeric_c.o(locale$$data)
    __lcnum_c_grouping                       0x08005ab3   Data           0  lc_numeric_c.o(locale$$data)
    locale$$data                             0x08005ab4   Section      272  lc_ctype_c.o(locale$$data)
    __lcnum_c_end                            0x08005ab4   Data           0  lc_numeric_c.o(locale$$data)
    __lcctype_c_name                         0x08005ab8   Data           2  lc_ctype_c.o(locale$$data)
    __lcctype_c_start                        0x08005ac0   Data           0  lc_ctype_c.o(locale$$data)
    __lcctype_c_end                          0x08005bc4   Data           0  lc_ctype_c.o(locale$$data)
    .data                                    0x20000000   Section       12  stm32g4xx_hal.o(.data)
    .data                                    0x2000000c   Section        4  system_stm32g4xx.o(.data)
    .bss                                     0x20000010   Section     8192  main.o(.bss)
    test_input                               0x20000010   Data        2048  main.o(.bss)
    dsp_inputBuffer                          0x20000810   Data        4096  main.o(.bss)
    dsp_outputBuffer                         0x20001810   Data        2048  main.o(.bss)
    .bss                                     0x20002010   Section      144  usart.o(.bss)
    .bss                                     0x200020a0   Section       96  libspace.o(.bss)
    HEAP                                     0x20002100   Section      512  startup_stm32g431xx.o(HEAP)
    Heap_Mem                                 0x20002100   Data         512  startup_stm32g431xx.o(HEAP)
    STACK                                    0x20002300   Section     1024  startup_stm32g431xx.o(STACK)
    Stack_Mem                                0x20002300   Data        1024  startup_stm32g431xx.o(STACK)
    __initial_sp                             0x20002700   Data           0  startup_stm32g431xx.o(STACK)

    Global Symbols

    Symbol Name                              Value     Ov Type        Size  Object(Section)

    BuildAttributes$$THM_ISAv4$E$P$D$K$B$S$7EM$VFPi3$EXTD16$VFPS$VFMA$PE$A:L22UL41UL21$X:L11$S22US41US21$IEEE1$IW$USESV6$~STKCKD$USESV7$~SHL$OTIME$ROPI$IEEEX$EBA8$UX$STANDARDLIB$REQ8$PRES8$EABIv2 0x00000000   Number         0  anon$$obj.o ABSOLUTE
    __ARM_use_no_argv                        0x00000000   Number         0  main.o ABSOLUTE
    _printf_flags                            0x00000000   Number         0  printf_stubs.o ABSOLUTE
    _printf_return_value                     0x00000000   Number         0  printf_stubs.o ABSOLUTE
    _printf_sizespec                         0x00000000   Number         0  printf_stubs.o ABSOLUTE
    _printf_widthprec                        0x00000000   Number         0  printf_stubs.o ABSOLUTE
    __ARM_exceptions_init                     - Undefined Weak Reference
    __alloca_initialize                       - Undefined Weak Reference
    __arm_fini_                               - Undefined Weak Reference
    __arm_preinit_                            - Undefined Weak Reference
    __cpp_initialize__aeabi_                  - Undefined Weak Reference
    __cxa_finalize                            - Undefined Weak Reference
    __sigvec_lookup                           - Undefined Weak Reference
    _atexit_init                              - Undefined Weak Reference
    _call_atexit_fns                          - Undefined Weak Reference
    _clock_init                               - Undefined Weak Reference
    _fp_trap_init                             - Undefined Weak Reference
    _fp_trap_shutdown                         - Undefined Weak Reference
    _get_lc_collate                           - Undefined Weak Reference
    _get_lc_monetary                          - Undefined Weak Reference
    _get_lc_time                              - Undefined Weak Reference
    _getenv_init                              - Undefined Weak Reference
    _handle_redirection                       - Undefined Weak Reference
    _init_alloc                               - Undefined Weak Reference
    _init_user_alloc                          - Undefined Weak Reference
    _initio                                   - Undefined Weak Reference
    _printf_mbtowc                            - Undefined Weak Reference
    _printf_wc                                - Undefined Weak Reference
    _rand_init                                - Undefined Weak Reference
    _signal_finish                            - Undefined Weak Reference
    _signal_init                              - Undefined Weak Reference
    _terminate_alloc                          - Undefined Weak Reference
    _terminate_user_alloc                     - Undefined Weak Reference
    _terminateio                              - Undefined Weak Reference
    __Vectors_Size                           0x000001d8   Number         0  startup_stm32g431xx.o ABSOLUTE
    __Vectors                                0x08000000   Data           4  startup_stm32g431xx.o(RESET)
    __Vectors_End                            0x080001d8   Data           0  startup_stm32g431xx.o(RESET)
    __main                                   0x080001d9   Thumb Code     8  __main.o(!!!main)
    __scatterload                            0x080001e1   Thumb Code     0  __scatter.o(!!!scatter)
    __scatterload_rt2                        0x080001e1   Thumb Code    44  __scatter.o(!!!scatter)
    __scatterload_rt2_thumb_only             0x080001e1   Thumb Code     0  __scatter.o(!!!scatter)
    __scatterload_null                       0x080001ef   Thumb Code     0  __scatter.o(!!!scatter)
    __scatterload_copy                       0x08000215   Thumb Code    26  __scatter_copy.o(!!handler_copy)
    __scatterload_zeroinit                   0x08000231   Thumb Code    28  __scatter_zi.o(!!handler_zi)
    _printf_n                                0x0800024d   Thumb Code     0  _printf_n.o(.ARM.Collect$$_printf_percent$$00000001)
    _printf_percent                          0x0800024d   Thumb Code     0  _printf_percent.o(.ARM.Collect$$_printf_percent$$00000000)
    _printf_p                                0x08000253   Thumb Code     0  _printf_p.o(.ARM.Collect$$_printf_percent$$00000002)
    _printf_f                                0x08000259   Thumb Code     0  _printf_f.o(.ARM.Collect$$_printf_percent$$00000003)
    _printf_e                                0x0800025f   Thumb Code     0  _printf_e.o(.ARM.Collect$$_printf_percent$$00000004)
    _printf_g                                0x08000265   Thumb Code     0  _printf_g.o(.ARM.Collect$$_printf_percent$$00000005)
    _printf_a                                0x0800026b   Thumb Code     0  _printf_a.o(.ARM.Collect$$_printf_percent$$00000006)
    _printf_ll                               0x08000271   Thumb Code     0  _printf_ll.o(.ARM.Collect$$_printf_percent$$00000007)
    _printf_i                                0x0800027b   Thumb Code     0  _printf_i.o(.ARM.Collect$$_printf_percent$$00000008)
    _printf_d                                0x08000281   Thumb Code     0  _printf_d.o(.ARM.Collect$$_printf_percent$$00000009)
    _printf_u                                0x08000287   Thumb Code     0  _printf_u.o(.ARM.Collect$$_printf_percent$$0000000A)
    _printf_o                                0x0800028d   Thumb Code     0  _printf_o.o(.ARM.Collect$$_printf_percent$$0000000B)
    _printf_x                                0x08000293   Thumb Code     0  _printf_x.o(.ARM.Collect$$_printf_percent$$0000000C)
    _printf_lli                              0x08000299   Thumb Code     0  _printf_lli.o(.ARM.Collect$$_printf_percent$$0000000D)
    _printf_lld                              0x0800029f   Thumb Code     0  _printf_lld.o(.ARM.Collect$$_printf_percent$$0000000E)
    _printf_llu                              0x080002a5   Thumb Code     0  _printf_llu.o(.ARM.Collect$$_printf_percent$$0000000F)
    _printf_llo                              0x080002ab   Thumb Code     0  _printf_llo.o(.ARM.Collect$$_printf_percent$$00000010)
    _printf_llx                              0x080002b1   Thumb Code     0  _printf_llx.o(.ARM.Collect$$_printf_percent$$00000011)
    _printf_l                                0x080002b7   Thumb Code     0  _printf_l.o(.ARM.Collect$$_printf_percent$$00000012)
    _printf_c                                0x080002c1   Thumb Code     0  _printf_c.o(.ARM.Collect$$_printf_percent$$00000013)
    _printf_s                                0x080002c7   Thumb Code     0  _printf_s.o(.ARM.Collect$$_printf_percent$$00000014)
    _printf_lc                               0x080002cd   Thumb Code     0  _printf_lc.o(.ARM.Collect$$_printf_percent$$00000015)
    _printf_ls                               0x080002d3   Thumb Code     0  _printf_ls.o(.ARM.Collect$$_printf_percent$$00000016)
    _printf_percent_end                      0x080002d9   Thumb Code     0  _printf_percent_end.o(.ARM.Collect$$_printf_percent$$00000017)
    __rt_lib_init                            0x080002dd   Thumb Code     0  libinit.o(.ARM.Collect$$libinit$$00000000)
    __rt_lib_init_fp_1                       0x080002df   Thumb Code     0  libinit2.o(.ARM.Collect$$libinit$$00000001)
    __rt_lib_init_heap_1                     0x080002e3   Thumb Code     0  libinit2.o(.ARM.Collect$$libinit$$0000000A)
    __rt_lib_init_lc_common                  0x080002e3   Thumb Code     0  libinit2.o(.ARM.Collect$$libinit$$0000000F)
    __rt_lib_init_preinit_1                  0x080002e3   Thumb Code     0  libinit2.o(.ARM.Collect$$libinit$$00000004)
    __rt_lib_init_rand_1                     0x080002e3   Thumb Code     0  libinit2.o(.ARM.Collect$$libinit$$0000000E)
    __rt_lib_init_user_alloc_1               0x080002e3   Thumb Code     0  libinit2.o(.ARM.Collect$$libinit$$0000000C)
    __rt_lib_init_lc_collate_1               0x080002e9   Thumb Code     0  libinit2.o(.ARM.Collect$$libinit$$00000011)
    __rt_lib_init_lc_ctype_2                 0x080002e9   Thumb Code     0  libinit2.o(.ARM.Collect$$libinit$$00000012)
    __rt_lib_init_lc_ctype_1                 0x080002f5   Thumb Code     0  libinit2.o(.ARM.Collect$$libinit$$00000013)
    __rt_lib_init_lc_monetary_1              0x080002f5   Thumb Code     0  libinit2.o(.ARM.Collect$$libinit$$00000015)
    __rt_lib_init_lc_numeric_2               0x080002f5   Thumb Code     0  libinit2.o(.ARM.Collect$$libinit$$00000016)
    __rt_lib_init_alloca_1                   0x080002ff   Thumb Code     0  libinit2.o(.ARM.Collect$$libinit$$0000002E)
    __rt_lib_init_argv_1                     0x080002ff   Thumb Code     0  libinit2.o(.ARM.Collect$$libinit$$0000002C)
    __rt_lib_init_atexit_1                   0x080002ff   Thumb Code     0  libinit2.o(.ARM.Collect$$libinit$$0000001B)
    __rt_lib_init_clock_1                    0x080002ff   Thumb Code     0  libinit2.o(.ARM.Collect$$libinit$$00000021)
    __rt_lib_init_cpp_1                      0x080002ff   Thumb Code     0  libinit2.o(.ARM.Collect$$libinit$$00000032)
    __rt_lib_init_exceptions_1               0x080002ff   Thumb Code     0  libinit2.o(.ARM.Collect$$libinit$$00000030)
    __rt_lib_init_fp_trap_1                  0x080002ff   Thumb Code     0  libinit2.o(.ARM.Collect$$libinit$$0000001F)
    __rt_lib_init_getenv_1                   0x080002ff   Thumb Code     0  libinit2.o(.ARM.Collect$$libinit$$00000023)
    __rt_lib_init_lc_numeric_1               0x080002ff   Thumb Code     0  libinit2.o(.ARM.Collect$$libinit$$00000017)
    __rt_lib_init_lc_time_1                  0x080002ff   Thumb Code     0  libinit2.o(.ARM.Collect$$libinit$$00000019)
    __rt_lib_init_return                     0x080002ff   Thumb Code     0  libinit2.o(.ARM.Collect$$libinit$$00000033)
    __rt_lib_init_signal_1                   0x080002ff   Thumb Code     0  libinit2.o(.ARM.Collect$$libinit$$0000001D)
    __rt_lib_init_stdio_1                    0x080002ff   Thumb Code     0  libinit2.o(.ARM.Collect$$libinit$$00000025)
    __rt_lib_shutdown                        0x08000301   Thumb Code     0  libshutdown.o(.ARM.Collect$$libshutdown$$00000000)
    __rt_lib_shutdown_cpp_1                  0x08000303   Thumb Code     0  libshutdown2.o(.ARM.Collect$$libshutdown$$00000004)
    __rt_lib_shutdown_fini_1                 0x08000303   Thumb Code     0  libshutdown2.o(.ARM.Collect$$libshutdown$$00000002)
    __rt_lib_shutdown_fp_trap_1              0x08000303   Thumb Code     0  libshutdown2.o(.ARM.Collect$$libshutdown$$00000009)
    __rt_lib_shutdown_heap_1                 0x08000303   Thumb Code     0  libshutdown2.o(.ARM.Collect$$libshutdown$$00000011)
    __rt_lib_shutdown_return                 0x08000303   Thumb Code     0  libshutdown2.o(.ARM.Collect$$libshutdown$$00000012)
    __rt_lib_shutdown_signal_1               0x08000303   Thumb Code     0  libshutdown2.o(.ARM.Collect$$libshutdown$$0000000C)
    __rt_lib_shutdown_stdio_1                0x08000303   Thumb Code     0  libshutdown2.o(.ARM.Collect$$libshutdown$$00000006)
    __rt_lib_shutdown_user_alloc_1           0x08000303   Thumb Code     0  libshutdown2.o(.ARM.Collect$$libshutdown$$0000000E)
    __rt_entry                               0x08000305   Thumb Code     0  __rtentry.o(.ARM.Collect$$rtentry$$00000000)
    __rt_entry_presh_1                       0x08000305   Thumb Code     0  __rtentry2.o(.ARM.Collect$$rtentry$$00000002)
    __rt_entry_sh                            0x08000305   Thumb Code     0  __rtentry4.o(.ARM.Collect$$rtentry$$00000004)
    __rt_entry_li                            0x0800030b   Thumb Code     0  __rtentry2.o(.ARM.Collect$$rtentry$$0000000A)
    __rt_entry_postsh_1                      0x0800030b   Thumb Code     0  __rtentry2.o(.ARM.Collect$$rtentry$$00000009)
    __rt_entry_main                          0x0800030f   Thumb Code     0  __rtentry2.o(.ARM.Collect$$rtentry$$0000000D)
    __rt_entry_postli_1                      0x0800030f   Thumb Code     0  __rtentry2.o(.ARM.Collect$$rtentry$$0000000C)
    __rt_exit                                0x08000317   Thumb Code     0  rtexit.o(.ARM.Collect$$rtexit$$00000000)
    __rt_exit_ls                             0x08000319   Thumb Code     0  rtexit2.o(.ARM.Collect$$rtexit$$00000003)
    __rt_exit_prels_1                        0x08000319   Thumb Code     0  rtexit2.o(.ARM.Collect$$rtexit$$00000002)
    __rt_exit_exit                           0x0800031d   Thumb Code     0  rtexit2.o(.ARM.Collect$$rtexit$$00000004)
    Reset_Handler                            0x08000325   Thumb Code     8  startup_stm32g431xx.o(.text)
    ADC1_2_IRQHandler                        0x0800033f   Thumb Code     0  startup_stm32g431xx.o(.text)
    COMP1_2_3_IRQHandler                     0x0800033f   Thumb Code     0  startup_stm32g431xx.o(.text)
    COMP4_IRQHandler                         0x0800033f   Thumb Code     0  startup_stm32g431xx.o(.text)
    CORDIC_IRQHandler                        0x0800033f   Thumb Code     0  startup_stm32g431xx.o(.text)
    CRS_IRQHandler                           0x0800033f   Thumb Code     0  startup_stm32g431xx.o(.text)
    DMA1_Channel1_IRQHandler                 0x0800033f   Thumb Code     0  startup_stm32g431xx.o(.text)
    DMA1_Channel2_IRQHandler                 0x0800033f   Thumb Code     0  startup_stm32g431xx.o(.text)
    DMA1_Channel3_IRQHandler                 0x0800033f   Thumb Code     0  startup_stm32g431xx.o(.text)
    DMA1_Channel4_IRQHandler                 0x0800033f   Thumb Code     0  startup_stm32g431xx.o(.text)
    DMA1_Channel5_IRQHandler                 0x0800033f   Thumb Code     0  startup_stm32g431xx.o(.text)
    DMA1_Channel6_IRQHandler                 0x0800033f   Thumb Code     0  startup_stm32g431xx.o(.text)
    DMA2_Channel1_IRQHandler                 0x0800033f   Thumb Code     0  startup_stm32g431xx.o(.text)
    DMA2_Channel2_IRQHandler                 0x0800033f   Thumb Code     0  startup_stm32g431xx.o(.text)
    DMA2_Channel3_IRQHandler                 0x0800033f   Thumb Code     0  startup_stm32g431xx.o(.text)
    DMA2_Channel4_IRQHandler                 0x0800033f   Thumb Code     0  startup_stm32g431xx.o(.text)
    DMA2_Channel5_IRQHandler                 0x0800033f   Thumb Code     0  startup_stm32g431xx.o(.text)
    DMA2_Channel6_IRQHandler                 0x0800033f   Thumb Code     0  startup_stm32g431xx.o(.text)
    DMAMUX_OVR_IRQHandler                    0x0800033f   Thumb Code     0  startup_stm32g431xx.o(.text)
    EXTI0_IRQHandler                         0x0800033f   Thumb Code     0  startup_stm32g431xx.o(.text)
    EXTI15_10_IRQHandler                     0x0800033f   Thumb Code     0  startup_stm32g431xx.o(.text)
    EXTI1_IRQHandler                         0x0800033f   Thumb Code     0  startup_stm32g431xx.o(.text)
    EXTI2_IRQHandler                         0x0800033f   Thumb Code     0  startup_stm32g431xx.o(.text)
    EXTI3_IRQHandler                         0x0800033f   Thumb Code     0  startup_stm32g431xx.o(.text)
    EXTI4_IRQHandler                         0x0800033f   Thumb Code     0  startup_stm32g431xx.o(.text)
    EXTI9_5_IRQHandler                       0x0800033f   Thumb Code     0  startup_stm32g431xx.o(.text)
    FDCAN1_IT0_IRQHandler                    0x0800033f   Thumb Code     0  startup_stm32g431xx.o(.text)
    FDCAN1_IT1_IRQHandler                    0x0800033f   Thumb Code     0  startup_stm32g431xx.o(.text)
    FLASH_IRQHandler                         0x0800033f   Thumb Code     0  startup_stm32g431xx.o(.text)
    FMAC_IRQHandler                          0x0800033f   Thumb Code     0  startup_stm32g431xx.o(.text)
    FPU_IRQHandler                           0x0800033f   Thumb Code     0  startup_stm32g431xx.o(.text)
    I2C1_ER_IRQHandler                       0x0800033f   Thumb Code     0  startup_stm32g431xx.o(.text)
    I2C1_EV_IRQHandler                       0x0800033f   Thumb Code     0  startup_stm32g431xx.o(.text)
    I2C2_ER_IRQHandler                       0x0800033f   Thumb Code     0  startup_stm32g431xx.o(.text)
    I2C2_EV_IRQHandler                       0x0800033f   Thumb Code     0  startup_stm32g431xx.o(.text)
    I2C3_ER_IRQHandler                       0x0800033f   Thumb Code     0  startup_stm32g431xx.o(.text)
    I2C3_EV_IRQHandler                       0x0800033f   Thumb Code     0  startup_stm32g431xx.o(.text)
    LPTIM1_IRQHandler                        0x0800033f   Thumb Code     0  startup_stm32g431xx.o(.text)
    LPUART1_IRQHandler                       0x0800033f   Thumb Code     0  startup_stm32g431xx.o(.text)
    PVD_PVM_IRQHandler                       0x0800033f   Thumb Code     0  startup_stm32g431xx.o(.text)
    RCC_IRQHandler                           0x0800033f   Thumb Code     0  startup_stm32g431xx.o(.text)
    RNG_IRQHandler                           0x0800033f   Thumb Code     0  startup_stm32g431xx.o(.text)
    RTC_Alarm_IRQHandler                     0x0800033f   Thumb Code     0  startup_stm32g431xx.o(.text)
    RTC_TAMP_LSECSS_IRQHandler               0x0800033f   Thumb Code     0  startup_stm32g431xx.o(.text)
    RTC_WKUP_IRQHandler                      0x0800033f   Thumb Code     0  startup_stm32g431xx.o(.text)
    SAI1_IRQHandler                          0x0800033f   Thumb Code     0  startup_stm32g431xx.o(.text)
    SPI1_IRQHandler                          0x0800033f   Thumb Code     0  startup_stm32g431xx.o(.text)
    SPI2_IRQHandler                          0x0800033f   Thumb Code     0  startup_stm32g431xx.o(.text)
    SPI3_IRQHandler                          0x0800033f   Thumb Code     0  startup_stm32g431xx.o(.text)
    TIM1_BRK_TIM15_IRQHandler                0x0800033f   Thumb Code     0  startup_stm32g431xx.o(.text)
    TIM1_CC_IRQHandler                       0x0800033f   Thumb Code     0  startup_stm32g431xx.o(.text)
    TIM1_TRG_COM_TIM17_IRQHandler            0x0800033f   Thumb Code     0  startup_stm32g431xx.o(.text)
    TIM1_UP_TIM16_IRQHandler                 0x0800033f   Thumb Code     0  startup_stm32g431xx.o(.text)
    TIM2_IRQHandler                          0x0800033f   Thumb Code     0  startup_stm32g431xx.o(.text)
    TIM3_IRQHandler                          0x0800033f   Thumb Code     0  startup_stm32g431xx.o(.text)
    TIM4_IRQHandler                          0x0800033f   Thumb Code     0  startup_stm32g431xx.o(.text)
    TIM6_DAC_IRQHandler                      0x0800033f   Thumb Code     0  startup_stm32g431xx.o(.text)
    TIM7_IRQHandler                          0x0800033f   Thumb Code     0  startup_stm32g431xx.o(.text)
    TIM8_BRK_IRQHandler                      0x0800033f   Thumb Code     0  startup_stm32g431xx.o(.text)
    TIM8_CC_IRQHandler                       0x0800033f   Thumb Code     0  startup_stm32g431xx.o(.text)
    TIM8_TRG_COM_IRQHandler                  0x0800033f   Thumb Code     0  startup_stm32g431xx.o(.text)
    TIM8_UP_IRQHandler                       0x0800033f   Thumb Code     0  startup_stm32g431xx.o(.text)
    UART4_IRQHandler                         0x0800033f   Thumb Code     0  startup_stm32g431xx.o(.text)
    UCPD1_IRQHandler                         0x0800033f   Thumb Code     0  startup_stm32g431xx.o(.text)
    USART1_IRQHandler                        0x0800033f   Thumb Code     0  startup_stm32g431xx.o(.text)
    USART2_IRQHandler                        0x0800033f   Thumb Code     0  startup_stm32g431xx.o(.text)
    USART3_IRQHandler                        0x0800033f   Thumb Code     0  startup_stm32g431xx.o(.text)
    USBWakeUp_IRQHandler                     0x0800033f   Thumb Code     0  startup_stm32g431xx.o(.text)
    USB_HP_IRQHandler                        0x0800033f   Thumb Code     0  startup_stm32g431xx.o(.text)
    USB_LP_IRQHandler                        0x0800033f   Thumb Code     0  startup_stm32g431xx.o(.text)
    WWDG_IRQHandler                          0x0800033f   Thumb Code     0  startup_stm32g431xx.o(.text)
    __user_initial_stackheap                 0x08000341   Thumb Code     0  startup_stm32g431xx.o(.text)
    __aeabi_uldivmod                         0x08000365   Thumb Code     0  lludivv7m.o(.text)
    _ll_udiv                                 0x08000365   Thumb Code   238  lludivv7m.o(.text)
    vsnprintf                                0x08000455   Thumb Code    48  vsnprintf.o(.text)
    strlen                                   0x08000489   Thumb Code    62  strlen.o(.text)
    __aeabi_memclr4                          0x080004c7   Thumb Code     0  rt_memclr_w.o(.text)
    __aeabi_memclr8                          0x080004c7   Thumb Code     0  rt_memclr_w.o(.text)
    __rt_memclr_w                            0x080004c7   Thumb Code    78  rt_memclr_w.o(.text)
    _memset_w                                0x080004cb   Thumb Code     0  rt_memclr_w.o(.text)
    __use_two_region_memory                  0x08000515   Thumb Code     2  heapauxi.o(.text)
    __rt_heap_escrow$2region                 0x08000517   Thumb Code     2  heapauxi.o(.text)
    __rt_heap_expand$2region                 0x08000519   Thumb Code     2  heapauxi.o(.text)
    __read_errno                             0x0800051b   Thumb Code    10  _rserrno.o(.text)
    __set_errno                              0x08000525   Thumb Code    12  _rserrno.o(.text)
    _printf_pre_padding                      0x08000531   Thumb Code    44  _printf_pad.o(.text)
    _printf_post_padding                     0x0800055d   Thumb Code    34  _printf_pad.o(.text)
    _printf_truncate_signed                  0x0800057f   Thumb Code    18  _printf_truncate.o(.text)
    _printf_truncate_unsigned                0x08000591   Thumb Code    18  _printf_truncate.o(.text)
    _printf_str                              0x080005a3   Thumb Code    82  _printf_str.o(.text)
    _printf_int_dec                          0x080005f5   Thumb Code   104  _printf_dec.o(.text)
    _printf_charcount                        0x0800066d   Thumb Code    40  _printf_charcount.o(.text)
    _printf_char_common                      0x0800069f   Thumb Code    32  _printf_char_common.o(.text)
    _sputc                                   0x080006c5   Thumb Code    10  _sputc.o(.text)
    _snputc                                  0x080006cf   Thumb Code    16  _snputc.o(.text)
    _printf_wctomb                           0x080006e1   Thumb Code   182  _printf_wctomb.o(.text)
    _printf_longlong_dec                     0x0800079d   Thumb Code   108  _printf_longlong_dec.o(.text)
    _printf_longlong_oct                     0x08000819   Thumb Code    66  _printf_oct_int_ll.o(.text)
    _printf_int_oct                          0x0800085b   Thumb Code    24  _printf_oct_int_ll.o(.text)
    _printf_ll_oct                           0x08000873   Thumb Code    12  _printf_oct_int_ll.o(.text)
    _printf_longlong_hex                     0x08000889   Thumb Code    86  _printf_hex_int_ll_ptr.o(.text)
    _printf_int_hex                          0x080008df   Thumb Code    28  _printf_hex_int_ll_ptr.o(.text)
    _printf_ll_hex                           0x080008fb   Thumb Code    12  _printf_hex_int_ll_ptr.o(.text)
    _printf_hex_ptr                          0x08000907   Thumb Code    18  _printf_hex_int_ll_ptr.o(.text)
    __printf                                 0x0800091d   Thumb Code   388  __printf_flags_ss_wp.o(.text)
    __aeabi_errno_addr                       0x08000aa5   Thumb Code     8  rt_errno_addr_intlibspace.o(.text)
    __errno$intlibspace                      0x08000aa5   Thumb Code     0  rt_errno_addr_intlibspace.o(.text)
    __rt_errno_addr$intlibspace              0x08000aa5   Thumb Code     0  rt_errno_addr_intlibspace.o(.text)
    _ll_udiv10                               0x08000aad   Thumb Code   138  lludiv10.o(.text)
    _printf_int_common                       0x08000b37   Thumb Code   178  _printf_intcommon.o(.text)
    __lib_sel_fp_printf                      0x08000be9   Thumb Code     2  _printf_fp_dec.o(.text)
    _printf_fp_dec_real                      0x08000d9b   Thumb Code   620  _printf_fp_dec.o(.text)
    _printf_fp_hex_real                      0x08001009   Thumb Code   756  _printf_fp_hex.o(.text)
    _printf_cs_common                        0x08001305   Thumb Code    20  _printf_char.o(.text)
    _printf_char                             0x08001319   Thumb Code    16  _printf_char.o(.text)
    _printf_string                           0x08001329   Thumb Code     8  _printf_char.o(.text)
    _printf_lcs_common                       0x08001331   Thumb Code    20  _printf_wchar.o(.text)
    _printf_wchar                            0x08001345   Thumb Code    16  _printf_wchar.o(.text)
    _printf_wstring                          0x08001355   Thumb Code     8  _printf_wchar.o(.text)
    _wcrtomb                                 0x0800135d   Thumb Code    64  _wcrtomb.o(.text)
    __user_libspace                          0x0800139d   Thumb Code     8  libspace.o(.text)
    __user_perproc_libspace                  0x0800139d   Thumb Code     0  libspace.o(.text)
    __user_perthread_libspace                0x0800139d   Thumb Code     0  libspace.o(.text)
    __user_setup_stackheap                   0x080013a5   Thumb Code    74  sys_stackheap_outer.o(.text)
    __rt_ctype_table                         0x080013f1   Thumb Code    16  rt_ctype_table.o(.text)
    __rt_locale                              0x08001401   Thumb Code     8  rt_locale_intlibspace.o(.text)
    _printf_fp_infnan                        0x08001409   Thumb Code   112  _printf_fp_infnan.o(.text)
    _btod_etento                             0x08001489   Thumb Code   224  bigflt0.o(.text)
    exit                                     0x0800156d   Thumb Code    18  exit.o(.text)
    strcmp                                   0x08001581   Thumb Code   128  strcmpv7m.o(.text)
    _sys_exit                                0x08001601   Thumb Code     8  sys_exit.o(.text)
    __I$use$semihosting                      0x0800160d   Thumb Code     0  use_no_semi.o(.text)
    __use_no_semihosting_swi                 0x0800160d   Thumb Code     2  use_no_semi.o(.text)
    __semihosting_library_function           0x0800160f   Thumb Code     0  indicate_semi.o(.text)
    _btod_d2e                                0x0800160f   Thumb Code    62  btod.o(CL$$btod_d2e)
    _d2e_denorm_low                          0x0800164d   Thumb Code    70  btod.o(CL$$btod_d2e_denorm_low)
    _d2e_norm_op1                            0x08001693   Thumb Code    96  btod.o(CL$$btod_d2e_norm_op1)
    __btod_div_common                        0x080016f3   Thumb Code   696  btod.o(CL$$btod_div_common)
    _e2e                                     0x08001a2b   Thumb Code   220  btod.o(CL$$btod_e2e)
    _btod_ediv                               0x08001b07   Thumb Code    42  btod.o(CL$$btod_ediv)
    _btod_emul                               0x08001b31   Thumb Code    42  btod.o(CL$$btod_emul)
    __btod_mult_common                       0x08001b5b   Thumb Code   580  btod.o(CL$$btod_mult_common)
    BusFault_Handler                         0x08001d9f   Thumb Code     2  stm32g4xx_it.o(i.BusFault_Handler)
    DebugMon_Handler                         0x08001da1   Thumb Code     2  stm32g4xx_it.o(i.DebugMon_Handler)
    Error_Handler                            0x08001da3   Thumb Code     4  main.o(i.Error_Handler)
    HAL_GPIO_Init                            0x08001da9   Thumb Code   550  stm32g4xx_hal_gpio.o(i.HAL_GPIO_Init)
    HAL_GetTick                              0x08001ff1   Thumb Code     6  stm32g4xx_hal.o(i.HAL_GetTick)
    HAL_IncTick                              0x08001ffd   Thumb Code    12  stm32g4xx_hal.o(i.HAL_IncTick)
    HAL_Init                                 0x0800200d   Thumb Code    30  stm32g4xx_hal.o(i.HAL_Init)
    HAL_InitTick                             0x0800202d   Thumb Code    58  stm32g4xx_hal.o(i.HAL_InitTick)
    HAL_MspInit                              0x08002071   Thumb Code    42  stm32g4xx_hal_msp.o(i.HAL_MspInit)
    HAL_NVIC_SetPriority                     0x080020a1   Thumb Code    60  stm32g4xx_hal_cortex.o(i.HAL_NVIC_SetPriority)
    HAL_NVIC_SetPriorityGrouping             0x080020e1   Thumb Code    26  stm32g4xx_hal_cortex.o(i.HAL_NVIC_SetPriorityGrouping)
    HAL_PWREx_ControlVoltageScaling          0x08002105   Thumb Code   174  stm32g4xx_hal_pwr_ex.o(i.HAL_PWREx_ControlVoltageScaling)
    HAL_PWREx_DisableUCPDDeadBattery         0x080021c1   Thumb Code    12  stm32g4xx_hal_pwr_ex.o(i.HAL_PWREx_DisableUCPDDeadBattery)
    HAL_RCCEx_PeriphCLKConfig                0x080021d1   Thumb Code   638  stm32g4xx_hal_rcc_ex.o(i.HAL_RCCEx_PeriphCLKConfig)
    HAL_RCC_ClockConfig                      0x08002459   Thumb Code   444  stm32g4xx_hal_rcc.o(i.HAL_RCC_ClockConfig)
    HAL_RCC_GetPCLK1Freq                     0x08002635   Thumb Code    24  stm32g4xx_hal_rcc.o(i.HAL_RCC_GetPCLK1Freq)
    HAL_RCC_GetPCLK2Freq                     0x08002659   Thumb Code    24  stm32g4xx_hal_rcc.o(i.HAL_RCC_GetPCLK2Freq)
    HAL_RCC_GetSysClockFreq                  0x0800267d   Thumb Code    98  stm32g4xx_hal_rcc.o(i.HAL_RCC_GetSysClockFreq)
    HAL_RCC_OscConfig                        0x080026e9   Thumb Code  1036  stm32g4xx_hal_rcc.o(i.HAL_RCC_OscConfig)
    HAL_SYSTICK_Config                       0x08002af5   Thumb Code    40  stm32g4xx_hal_cortex.o(i.HAL_SYSTICK_Config)
    HAL_UARTEx_DisableFifoMode               0x08002b1d   Thumb Code    62  stm32g4xx_hal_uart_ex.o(i.HAL_UARTEx_DisableFifoMode)
    HAL_UARTEx_SetRxFifoThreshold            0x08002b5b   Thumb Code    76  stm32g4xx_hal_uart_ex.o(i.HAL_UARTEx_SetRxFifoThreshold)
    HAL_UARTEx_SetTxFifoThreshold            0x08002ba7   Thumb Code    76  stm32g4xx_hal_uart_ex.o(i.HAL_UARTEx_SetTxFifoThreshold)
    HAL_UART_Init                            0x08002bf3   Thumb Code   106  stm32g4xx_hal_uart.o(i.HAL_UART_Init)
    HAL_UART_MspInit                         0x08002c5d   Thumb Code   114  usart.o(i.HAL_UART_MspInit)
    HAL_UART_Transmit                        0x08002cdd   Thumb Code   188  stm32g4xx_hal_uart.o(i.HAL_UART_Transmit)
    HardFault_Handler                        0x08002d99   Thumb Code     2  stm32g4xx_it.o(i.HardFault_Handler)
    MX_GPIO_Init                             0x08002d9d   Thumb Code    70  gpio.o(i.MX_GPIO_Init)
    MX_USART3_UART_Init                      0x08002de9   Thumb Code    94  usart.o(i.MX_USART3_UART_Init)
    MemManage_Handler                        0x08002e51   Thumb Code     2  stm32g4xx_it.o(i.MemManage_Handler)
    NMI_Handler                              0x08002e53   Thumb Code     2  stm32g4xx_it.o(i.NMI_Handler)
    PendSV_Handler                           0x08002e55   Thumb Code     2  stm32g4xx_it.o(i.PendSV_Handler)
    SVC_Handler                              0x08002e57   Thumb Code     2  stm32g4xx_it.o(i.SVC_Handler)
    SysTick_Handler                          0x08002e59   Thumb Code     4  stm32g4xx_it.o(i.SysTick_Handler)
    SystemClock_Config                       0x08002e5d   Thumb Code   100  main.o(i.SystemClock_Config)
    SystemInit                               0x08002ec1   Thumb Code    12  system_stm32g4xx.o(i.SystemInit)
    UART_AdvFeatureConfig                    0x08002f15   Thumb Code   200  stm32g4xx_hal_uart.o(i.UART_AdvFeatureConfig)
    UART_CheckIdleState                      0x08002fdd   Thumb Code    96  stm32g4xx_hal_uart.o(i.UART_CheckIdleState)
    UART_SetConfig                           0x0800303d   Thumb Code   582  stm32g4xx_hal_uart.o(i.UART_SetConfig)
    UART_WaitOnFlagUntilTimeout              0x080032b1   Thumb Code   198  stm32g4xx_hal_uart.o(i.UART_WaitOnFlagUntilTimeout)
    UsageFault_Handler                       0x08003377   Thumb Code     2  stm32g4xx_it.o(i.UsageFault_Handler)
    __ARM_fpclassify                         0x08003379   Thumb Code    48  fpclassify.o(i.__ARM_fpclassify)
    __ARM_fpclassifyf                        0x080033a9   Thumb Code    38  fpclassifyf.o(i.__ARM_fpclassifyf)
    __hardfp_sinf                            0x080033f1   Thumb Code   344  sinf.o(i.__hardfp_sinf)
    __mathlib_flt_infnan                     0x08003581   Thumb Code     6  funder.o(i.__mathlib_flt_infnan)
    __mathlib_flt_invalid                    0x08003589   Thumb Code    10  funder.o(i.__mathlib_flt_invalid)
    __mathlib_flt_underflow                  0x08003599   Thumb Code    10  funder.o(i.__mathlib_flt_underflow)
    __mathlib_rredf2                         0x080035a9   Thumb Code   316  rredf.o(i.__mathlib_rredf2)
    _is_digit                                0x080036fd   Thumb Code    14  __printf_wp.o(i._is_digit)
    arm_bitreversal_32                       0x0800370d   Thumb Code    62  transformfunctions.o(i.arm_bitreversal_32)
    arm_cfft_f32                             0x0800374b   Thumb Code   204  transformfunctions.o(i.arm_cfft_f32)
    arm_cfft_radix8by2_f32                   0x08003817   Thumb Code   392  transformfunctions.o(i.arm_cfft_radix8by2_f32)
    arm_cfft_radix8by4_f32                   0x0800399f   Thumb Code  1068  transformfunctions.o(i.arm_cfft_radix8by4_f32)
    arm_cmplx_mag_f32                        0x08003dcd   Thumb Code    62  complexmathfunctions.o(i.arm_cmplx_mag_f32)
    arm_radix8_butterfly_f32                 0x08003e11   Thumb Code  1220  transformfunctions.o(i.arm_radix8_butterfly_f32)
    main                                     0x080042d5   Thumb Code   252  main.o(i.main)
    myprintf                                 0x08004401   Thumb Code    44  main.o(i.myprintf)
    _get_lc_numeric                          0x08004431   Thumb Code    44  lc_numeric_c.o(locale$$code)
    _get_lc_ctype                            0x0800445d   Thumb Code    44  lc_ctype_c.o(locale$$code)
    __fpl_dretinf                            0x08004489   Thumb Code    12  dretinf.o(x$fpl$dretinf)
    __aeabi_f2d                              0x08004495   Thumb Code     0  f2d.o(x$fpl$f2d)
    _f2d                                     0x08004495   Thumb Code    86  f2d.o(x$fpl$f2d)
    __fpl_fnaninf                            0x080044eb   Thumb Code   140  fnaninf.o(x$fpl$fnaninf)
    _fp_init                                 0x08004577   Thumb Code    10  fpinit.o(x$fpl$fpinit)
    __fplib_config_fpu_vfp                   0x0800457f   Thumb Code     0  fpinit.o(x$fpl$fpinit)
    __fplib_config_pureend_doubles           0x0800457f   Thumb Code     0  fpinit.o(x$fpl$fpinit)
    _printf_fp_dec                           0x08004581   Thumb Code     4  printf1.o(x$fpl$printf1)
    _printf_fp_hex                           0x08004585   Thumb Code     4  printf2.o(x$fpl$printf2)
    UARTPrescTable                           0x08004588   Data          24  stm32g4xx_hal_uart.o(.constdata)
    __I$use$fp                               0x08004588   Number         0  usenofp.o(x$fpl$usenofp)
    AHBPrescTable                            0x080045b0   Data          16  system_stm32g4xx.o(.constdata)
    APBPrescTable                            0x080045c0   Data           8  system_stm32g4xx.o(.constdata)
    twiddleCoef_512                          0x080045c8   Data        4096  commontables.o(.constdata)
    armBitRevIndexTable512                   0x080055c8   Data         896  commontables.o(.constdata)
    arm_cfft_sR_f32_len512                   0x08005948   Data          16  commontables.o(.constdata)
    Region$$Table$$Base                      0x08005a78   Number         0  anon$$obj.o(Region$$Table)
    Region$$Table$$Limit                     0x08005a98   Number         0  anon$$obj.o(Region$$Table)
    __ctype                                  0x08005ac1   Data           0  lc_ctype_c.o(locale$$data)
    uwTickPrio                               0x20000000   Data           4  stm32g4xx_hal.o(.data)
    uwTickFreq                               0x20000004   Data           4  stm32g4xx_hal.o(.data)
    uwTick                                   0x20000008   Data           4  stm32g4xx_hal.o(.data)
    SystemCoreClock                          0x2000000c   Data           4  system_stm32g4xx.o(.data)
    huart3                                   0x20002010   Data         144  usart.o(.bss)
    __libspace_start                         0x200020a0   Data          96  libspace.o(.bss)
    __temporary_stack_top$libspace           0x20002100   Data           0  libspace.o(.bss)



==============================================================================

Memory Map of the image

  Image Entry point : 0x080001d9

  Load Region LR_IROM1 (Base: 0x08000000, Size: 0x00005bd4, Max: 0x00020000, ABSOLUTE)

    Execution Region ER_IROM1 (Exec base: 0x08000000, Load base: 0x08000000, Size: 0x00005bc4, Max: 0x00020000, ABSOLUTE)

    Exec Addr    Load Addr    Size         Type   Attr      Idx    E Section Name        Object

    0x08000000   0x08000000   0x000001d8   Data   RO            3    RESET               startup_stm32g431xx.o
    0x080001d8   0x080001d8   0x00000008   Code   RO         8691  * !!!main             c_w.l(__main.o)
    0x080001e0   0x080001e0   0x00000034   Code   RO         9247    !!!scatter          c_w.l(__scatter.o)
    0x08000214   0x08000214   0x0000001a   Code   RO         9249    !!handler_copy      c_w.l(__scatter_copy.o)
    0x0800022e   0x0800022e   0x00000002   PAD
    0x08000230   0x08000230   0x0000001c   Code   RO         9251    !!handler_zi        c_w.l(__scatter_zi.o)
    0x0800024c   0x0800024c   0x00000000   Code   RO         8949    .ARM.Collect$$_printf_percent$$00000000  c_w.l(_printf_percent.o)
    0x0800024c   0x0800024c   0x00000006   Code   RO         8938    .ARM.Collect$$_printf_percent$$00000001  c_w.l(_printf_n.o)
    0x08000252   0x08000252   0x00000006   Code   RO         8940    .ARM.Collect$$_printf_percent$$00000002  c_w.l(_printf_p.o)
    0x08000258   0x08000258   0x00000006   Code   RO         8945    .ARM.Collect$$_printf_percent$$00000003  c_w.l(_printf_f.o)
    0x0800025e   0x0800025e   0x00000006   Code   RO         8946    .ARM.Collect$$_printf_percent$$00000004  c_w.l(_printf_e.o)
    0x08000264   0x08000264   0x00000006   Code   RO         8947    .ARM.Collect$$_printf_percent$$00000005  c_w.l(_printf_g.o)
    0x0800026a   0x0800026a   0x00000006   Code   RO         8948    .ARM.Collect$$_printf_percent$$00000006  c_w.l(_printf_a.o)
    0x08000270   0x08000270   0x0000000a   Code   RO         8953    .ARM.Collect$$_printf_percent$$00000007  c_w.l(_printf_ll.o)
    0x0800027a   0x0800027a   0x00000006   Code   RO         8942    .ARM.Collect$$_printf_percent$$00000008  c_w.l(_printf_i.o)
    0x08000280   0x08000280   0x00000006   Code   RO         8943    .ARM.Collect$$_printf_percent$$00000009  c_w.l(_printf_d.o)
    0x08000286   0x08000286   0x00000006   Code   RO         8944    .ARM.Collect$$_printf_percent$$0000000A  c_w.l(_printf_u.o)
    0x0800028c   0x0800028c   0x00000006   Code   RO         8941    .ARM.Collect$$_printf_percent$$0000000B  c_w.l(_printf_o.o)
    0x08000292   0x08000292   0x00000006   Code   RO         8939    .ARM.Collect$$_printf_percent$$0000000C  c_w.l(_printf_x.o)
    0x08000298   0x08000298   0x00000006   Code   RO         8950    .ARM.Collect$$_printf_percent$$0000000D  c_w.l(_printf_lli.o)
    0x0800029e   0x0800029e   0x00000006   Code   RO         8951    .ARM.Collect$$_printf_percent$$0000000E  c_w.l(_printf_lld.o)
    0x080002a4   0x080002a4   0x00000006   Code   RO         8952    .ARM.Collect$$_printf_percent$$0000000F  c_w.l(_printf_llu.o)
    0x080002aa   0x080002aa   0x00000006   Code   RO         8957    .ARM.Collect$$_printf_percent$$00000010  c_w.l(_printf_llo.o)
    0x080002b0   0x080002b0   0x00000006   Code   RO         8958    .ARM.Collect$$_printf_percent$$00000011  c_w.l(_printf_llx.o)
    0x080002b6   0x080002b6   0x0000000a   Code   RO         8954    .ARM.Collect$$_printf_percent$$00000012  c_w.l(_printf_l.o)
    0x080002c0   0x080002c0   0x00000006   Code   RO         8936    .ARM.Collect$$_printf_percent$$00000013  c_w.l(_printf_c.o)
    0x080002c6   0x080002c6   0x00000006   Code   RO         8937    .ARM.Collect$$_printf_percent$$00000014  c_w.l(_printf_s.o)
    0x080002cc   0x080002cc   0x00000006   Code   RO         8955    .ARM.Collect$$_printf_percent$$00000015  c_w.l(_printf_lc.o)
    0x080002d2   0x080002d2   0x00000006   Code   RO         8956    .ARM.Collect$$_printf_percent$$00000016  c_w.l(_printf_ls.o)
    0x080002d8   0x080002d8   0x00000004   Code   RO         9057    .ARM.Collect$$_printf_percent$$00000017  c_w.l(_printf_percent_end.o)
    0x080002dc   0x080002dc   0x00000002   Code   RO         9113    .ARM.Collect$$libinit$$00000000  c_w.l(libinit.o)
    0x080002de   0x080002de   0x00000004   Code   RO         9127    .ARM.Collect$$libinit$$00000001  c_w.l(libinit2.o)
    0x080002e2   0x080002e2   0x00000000   Code   RO         9130    .ARM.Collect$$libinit$$00000004  c_w.l(libinit2.o)
    0x080002e2   0x080002e2   0x00000000   Code   RO         9133    .ARM.Collect$$libinit$$0000000A  c_w.l(libinit2.o)
    0x080002e2   0x080002e2   0x00000000   Code   RO         9135    .ARM.Collect$$libinit$$0000000C  c_w.l(libinit2.o)
    0x080002e2   0x080002e2   0x00000000   Code   RO         9137    .ARM.Collect$$libinit$$0000000E  c_w.l(libinit2.o)
    0x080002e2   0x080002e2   0x00000006   Code   RO         9138    .ARM.Collect$$libinit$$0000000F  c_w.l(libinit2.o)
    0x080002e8   0x080002e8   0x00000000   Code   RO         9140    .ARM.Collect$$libinit$$00000011  c_w.l(libinit2.o)
    0x080002e8   0x080002e8   0x0000000c   Code   RO         9141    .ARM.Collect$$libinit$$00000012  c_w.l(libinit2.o)
    0x080002f4   0x080002f4   0x00000000   Code   RO         9142    .ARM.Collect$$libinit$$00000013  c_w.l(libinit2.o)
    0x080002f4   0x080002f4   0x00000000   Code   RO         9144    .ARM.Collect$$libinit$$00000015  c_w.l(libinit2.o)
    0x080002f4   0x080002f4   0x0000000a   Code   RO         9145    .ARM.Collect$$libinit$$00000016  c_w.l(libinit2.o)
    0x080002fe   0x080002fe   0x00000000   Code   RO         9146    .ARM.Collect$$libinit$$00000017  c_w.l(libinit2.o)
    0x080002fe   0x080002fe   0x00000000   Code   RO         9148    .ARM.Collect$$libinit$$00000019  c_w.l(libinit2.o)
    0x080002fe   0x080002fe   0x00000000   Code   RO         9150    .ARM.Collect$$libinit$$0000001B  c_w.l(libinit2.o)
    0x080002fe   0x080002fe   0x00000000   Code   RO         9152    .ARM.Collect$$libinit$$0000001D  c_w.l(libinit2.o)
    0x080002fe   0x080002fe   0x00000000   Code   RO         9154    .ARM.Collect$$libinit$$0000001F  c_w.l(libinit2.o)
    0x080002fe   0x080002fe   0x00000000   Code   RO         9156    .ARM.Collect$$libinit$$00000021  c_w.l(libinit2.o)
    0x080002fe   0x080002fe   0x00000000   Code   RO         9158    .ARM.Collect$$libinit$$00000023  c_w.l(libinit2.o)
    0x080002fe   0x080002fe   0x00000000   Code   RO         9160    .ARM.Collect$$libinit$$00000025  c_w.l(libinit2.o)
    0x080002fe   0x080002fe   0x00000000   Code   RO         9164    .ARM.Collect$$libinit$$0000002C  c_w.l(libinit2.o)
    0x080002fe   0x080002fe   0x00000000   Code   RO         9166    .ARM.Collect$$libinit$$0000002E  c_w.l(libinit2.o)
    0x080002fe   0x080002fe   0x00000000   Code   RO         9168    .ARM.Collect$$libinit$$00000030  c_w.l(libinit2.o)
    0x080002fe   0x080002fe   0x00000000   Code   RO         9170    .ARM.Collect$$libinit$$00000032  c_w.l(libinit2.o)
    0x080002fe   0x080002fe   0x00000002   Code   RO         9171    .ARM.Collect$$libinit$$00000033  c_w.l(libinit2.o)
    0x08000300   0x08000300   0x00000002   Code   RO         9202    .ARM.Collect$$libshutdown$$00000000  c_w.l(libshutdown.o)
    0x08000302   0x08000302   0x00000000   Code   RO         9228    .ARM.Collect$$libshutdown$$00000002  c_w.l(libshutdown2.o)
    0x08000302   0x08000302   0x00000000   Code   RO         9230    .ARM.Collect$$libshutdown$$00000004  c_w.l(libshutdown2.o)
    0x08000302   0x08000302   0x00000000   Code   RO         9232    .ARM.Collect$$libshutdown$$00000006  c_w.l(libshutdown2.o)
    0x08000302   0x08000302   0x00000000   Code   RO         9235    .ARM.Collect$$libshutdown$$00000009  c_w.l(libshutdown2.o)
    0x08000302   0x08000302   0x00000000   Code   RO         9238    .ARM.Collect$$libshutdown$$0000000C  c_w.l(libshutdown2.o)
    0x08000302   0x08000302   0x00000000   Code   RO         9240    .ARM.Collect$$libshutdown$$0000000E  c_w.l(libshutdown2.o)
    0x08000302   0x08000302   0x00000000   Code   RO         9243    .ARM.Collect$$libshutdown$$00000011  c_w.l(libshutdown2.o)
    0x08000302   0x08000302   0x00000002   Code   RO         9244    .ARM.Collect$$libshutdown$$00000012  c_w.l(libshutdown2.o)
    0x08000304   0x08000304   0x00000000   Code   RO         8859    .ARM.Collect$$rtentry$$00000000  c_w.l(__rtentry.o)
    0x08000304   0x08000304   0x00000000   Code   RO         9021    .ARM.Collect$$rtentry$$00000002  c_w.l(__rtentry2.o)
    0x08000304   0x08000304   0x00000006   Code   RO         9033    .ARM.Collect$$rtentry$$00000004  c_w.l(__rtentry4.o)
    0x0800030a   0x0800030a   0x00000000   Code   RO         9023    .ARM.Collect$$rtentry$$00000009  c_w.l(__rtentry2.o)
    0x0800030a   0x0800030a   0x00000004   Code   RO         9024    .ARM.Collect$$rtentry$$0000000A  c_w.l(__rtentry2.o)
    0x0800030e   0x0800030e   0x00000000   Code   RO         9026    .ARM.Collect$$rtentry$$0000000C  c_w.l(__rtentry2.o)
    0x0800030e   0x0800030e   0x00000008   Code   RO         9027    .ARM.Collect$$rtentry$$0000000D  c_w.l(__rtentry2.o)
    0x08000316   0x08000316   0x00000002   Code   RO         9114    .ARM.Collect$$rtexit$$00000000  c_w.l(rtexit.o)
    0x08000318   0x08000318   0x00000000   Code   RO         9175    .ARM.Collect$$rtexit$$00000002  c_w.l(rtexit2.o)
    0x08000318   0x08000318   0x00000004   Code   RO         9176    .ARM.Collect$$rtexit$$00000003  c_w.l(rtexit2.o)
    0x0800031c   0x0800031c   0x00000006   Code   RO         9177    .ARM.Collect$$rtexit$$00000004  c_w.l(rtexit2.o)
    0x08000322   0x08000322   0x00000002   PAD
    0x08000324   0x08000324   0x00000040   Code   RO            4    .text               startup_stm32g431xx.o
    0x08000364   0x08000364   0x000000ee   Code   RO         8671    .text               c_w.l(lludivv7m.o)
    0x08000452   0x08000452   0x00000002   PAD
    0x08000454   0x08000454   0x00000034   Code   RO         8679    .text               c_w.l(vsnprintf.o)
    0x08000488   0x08000488   0x0000003e   Code   RO         8681    .text               c_w.l(strlen.o)
    0x080004c6   0x080004c6   0x0000004e   Code   RO         8687    .text               c_w.l(rt_memclr_w.o)
    0x08000514   0x08000514   0x00000006   Code   RO         8689    .text               c_w.l(heapauxi.o)
    0x0800051a   0x0800051a   0x00000016   Code   RO         8864    .text               c_w.l(_rserrno.o)
    0x08000530   0x08000530   0x0000004e   Code   RO         8868    .text               c_w.l(_printf_pad.o)
    0x0800057e   0x0800057e   0x00000024   Code   RO         8870    .text               c_w.l(_printf_truncate.o)
    0x080005a2   0x080005a2   0x00000052   Code   RO         8872    .text               c_w.l(_printf_str.o)
    0x080005f4   0x080005f4   0x00000078   Code   RO         8874    .text               c_w.l(_printf_dec.o)
    0x0800066c   0x0800066c   0x00000028   Code   RO         8876    .text               c_w.l(_printf_charcount.o)
    0x08000694   0x08000694   0x00000030   Code   RO         8878    .text               c_w.l(_printf_char_common.o)
    0x080006c4   0x080006c4   0x0000000a   Code   RO         8880    .text               c_w.l(_sputc.o)
    0x080006ce   0x080006ce   0x00000010   Code   RO         8882    .text               c_w.l(_snputc.o)
    0x080006de   0x080006de   0x00000002   PAD
    0x080006e0   0x080006e0   0x000000bc   Code   RO         8884    .text               c_w.l(_printf_wctomb.o)
    0x0800079c   0x0800079c   0x0000007c   Code   RO         8887    .text               c_w.l(_printf_longlong_dec.o)
    0x08000818   0x08000818   0x00000070   Code   RO         8893    .text               c_w.l(_printf_oct_int_ll.o)
    0x08000888   0x08000888   0x00000094   Code   RO         8913    .text               c_w.l(_printf_hex_int_ll_ptr.o)
    0x0800091c   0x0800091c   0x00000188   Code   RO         8933    .text               c_w.l(__printf_flags_ss_wp.o)
    0x08000aa4   0x08000aa4   0x00000008   Code   RO         9040    .text               c_w.l(rt_errno_addr_intlibspace.o)
    0x08000aac   0x08000aac   0x0000008a   Code   RO         9042    .text               c_w.l(lludiv10.o)
    0x08000b36   0x08000b36   0x000000b2   Code   RO         9044    .text               c_w.l(_printf_intcommon.o)
    0x08000be8   0x08000be8   0x0000041e   Code   RO         9046    .text               c_w.l(_printf_fp_dec.o)
    0x08001006   0x08001006   0x00000002   PAD
    0x08001008   0x08001008   0x000002fc   Code   RO         9048    .text               c_w.l(_printf_fp_hex.o)
    0x08001304   0x08001304   0x0000002c   Code   RO         9053    .text               c_w.l(_printf_char.o)
    0x08001330   0x08001330   0x0000002c   Code   RO         9055    .text               c_w.l(_printf_wchar.o)
    0x0800135c   0x0800135c   0x00000040   Code   RO         9058    .text               c_w.l(_wcrtomb.o)
    0x0800139c   0x0800139c   0x00000008   Code   RO         9060    .text               c_w.l(libspace.o)
    0x080013a4   0x080013a4   0x0000004a   Code   RO         9063    .text               c_w.l(sys_stackheap_outer.o)
    0x080013ee   0x080013ee   0x00000002   PAD
    0x080013f0   0x080013f0   0x00000010   Code   RO         9065    .text               c_w.l(rt_ctype_table.o)
    0x08001400   0x08001400   0x00000008   Code   RO         9070    .text               c_w.l(rt_locale_intlibspace.o)
    0x08001408   0x08001408   0x00000080   Code   RO         9072    .text               c_w.l(_printf_fp_infnan.o)
    0x08001488   0x08001488   0x000000e4   Code   RO         9074    .text               c_w.l(bigflt0.o)
    0x0800156c   0x0800156c   0x00000012   Code   RO         9102    .text               c_w.l(exit.o)
    0x0800157e   0x0800157e   0x00000002   PAD
    0x08001580   0x08001580   0x00000080   Code   RO         9125    .text               c_w.l(strcmpv7m.o)
    0x08001600   0x08001600   0x0000000c   Code   RO         9172    .text               c_w.l(sys_exit.o)
    0x0800160c   0x0800160c   0x00000002   Code   RO         9191    .text               c_w.l(use_no_semi.o)
    0x0800160e   0x0800160e   0x00000000   Code   RO         9193    .text               c_w.l(indicate_semi.o)
    0x0800160e   0x0800160e   0x0000003e   Code   RO         9077    CL$$btod_d2e        c_w.l(btod.o)
    0x0800164c   0x0800164c   0x00000046   Code   RO         9079    CL$$btod_d2e_denorm_low  c_w.l(btod.o)
    0x08001692   0x08001692   0x00000060   Code   RO         9078    CL$$btod_d2e_norm_op1  c_w.l(btod.o)
    0x080016f2   0x080016f2   0x00000338   Code   RO         9087    CL$$btod_div_common  c_w.l(btod.o)
    0x08001a2a   0x08001a2a   0x000000dc   Code   RO         9084    CL$$btod_e2e        c_w.l(btod.o)
    0x08001b06   0x08001b06   0x0000002a   Code   RO         9081    CL$$btod_ediv       c_w.l(btod.o)
    0x08001b30   0x08001b30   0x0000002a   Code   RO         9080    CL$$btod_emul       c_w.l(btod.o)
    0x08001b5a   0x08001b5a   0x00000244   Code   RO         9086    CL$$btod_mult_common  c_w.l(btod.o)
    0x08001d9e   0x08001d9e   0x00000002   Code   RO          316    i.BusFault_Handler  stm32g4xx_it.o
    0x08001da0   0x08001da0   0x00000002   Code   RO          317    i.DebugMon_Handler  stm32g4xx_it.o
    0x08001da2   0x08001da2   0x00000004   Code   RO           13    i.Error_Handler     main.o
    0x08001da6   0x08001da6   0x00000002   PAD
    0x08001da8   0x08001da8   0x00000248   Code   RO         1921    i.HAL_GPIO_Init     stm32g4xx_hal_gpio.o
    0x08001ff0   0x08001ff0   0x0000000c   Code   RO         1234    i.HAL_GetTick       stm32g4xx_hal.o
    0x08001ffc   0x08001ffc   0x00000010   Code   RO         1237    i.HAL_IncTick       stm32g4xx_hal.o
    0x0800200c   0x0800200c   0x0000001e   Code   RO         1238    i.HAL_Init          stm32g4xx_hal.o
    0x0800202a   0x0800202a   0x00000002   PAD
    0x0800202c   0x0800202c   0x00000044   Code   RO         1239    i.HAL_InitTick      stm32g4xx_hal.o
    0x08002070   0x08002070   0x00000030   Code   RO          391    i.HAL_MspInit       stm32g4xx_hal_msp.o
    0x080020a0   0x080020a0   0x00000040   Code   RO         2334    i.HAL_NVIC_SetPriority  stm32g4xx_hal_cortex.o
    0x080020e0   0x080020e0   0x00000024   Code   RO         2335    i.HAL_NVIC_SetPriorityGrouping  stm32g4xx_hal_cortex.o
    0x08002104   0x08002104   0x000000bc   Code   RO          452    i.HAL_PWREx_ControlVoltageScaling  stm32g4xx_hal_pwr_ex.o
    0x080021c0   0x080021c0   0x00000010   Code   RO          464    i.HAL_PWREx_DisableUCPDDeadBattery  stm32g4xx_hal_pwr_ex.o
    0x080021d0   0x080021d0   0x00000288   Code   RO         1583    i.HAL_RCCEx_PeriphCLKConfig  stm32g4xx_hal_rcc_ex.o
    0x08002458   0x08002458   0x000001dc   Code   RO         1458    i.HAL_RCC_ClockConfig  stm32g4xx_hal_rcc.o
    0x08002634   0x08002634   0x00000024   Code   RO         1466    i.HAL_RCC_GetPCLK1Freq  stm32g4xx_hal_rcc.o
    0x08002658   0x08002658   0x00000024   Code   RO         1467    i.HAL_RCC_GetPCLK2Freq  stm32g4xx_hal_rcc.o
    0x0800267c   0x0800267c   0x0000006c   Code   RO         1468    i.HAL_RCC_GetSysClockFreq  stm32g4xx_hal_rcc.o
    0x080026e8   0x080026e8   0x0000040c   Code   RO         1471    i.HAL_RCC_OscConfig  stm32g4xx_hal_rcc.o
    0x08002af4   0x08002af4   0x00000028   Code   RO         2339    i.HAL_SYSTICK_Config  stm32g4xx_hal_cortex.o
    0x08002b1c   0x08002b1c   0x0000003e   Code   RO         1111    i.HAL_UARTEx_DisableFifoMode  stm32g4xx_hal_uart_ex.o
    0x08002b5a   0x08002b5a   0x0000004c   Code   RO         1119    i.HAL_UARTEx_SetRxFifoThreshold  stm32g4xx_hal_uart_ex.o
    0x08002ba6   0x08002ba6   0x0000004c   Code   RO         1120    i.HAL_UARTEx_SetTxFifoThreshold  stm32g4xx_hal_uart_ex.o
    0x08002bf2   0x08002bf2   0x0000006a   Code   RO          720    i.HAL_UART_Init     stm32g4xx_hal_uart.o
    0x08002c5c   0x08002c5c   0x00000080   Code   RO          275    i.HAL_UART_MspInit  usart.o
    0x08002cdc   0x08002cdc   0x000000bc   Code   RO          729    i.HAL_UART_Transmit  stm32g4xx_hal_uart.o
    0x08002d98   0x08002d98   0x00000002   Code   RO          318    i.HardFault_Handler  stm32g4xx_it.o
    0x08002d9a   0x08002d9a   0x00000002   PAD
    0x08002d9c   0x08002d9c   0x0000004c   Code   RO          250    i.MX_GPIO_Init      gpio.o
    0x08002de8   0x08002de8   0x00000068   Code   RO          276    i.MX_USART3_UART_Init  usart.o
    0x08002e50   0x08002e50   0x00000002   Code   RO          319    i.MemManage_Handler  stm32g4xx_it.o
    0x08002e52   0x08002e52   0x00000002   Code   RO          320    i.NMI_Handler       stm32g4xx_it.o
    0x08002e54   0x08002e54   0x00000002   Code   RO          321    i.PendSV_Handler    stm32g4xx_it.o
    0x08002e56   0x08002e56   0x00000002   Code   RO          322    i.SVC_Handler       stm32g4xx_it.o
    0x08002e58   0x08002e58   0x00000004   Code   RO          323    i.SysTick_Handler   stm32g4xx_it.o
    0x08002e5c   0x08002e5c   0x00000064   Code   RO           14    i.SystemClock_Config  main.o
    0x08002ec0   0x08002ec0   0x00000010   Code   RO         2459    i.SystemInit        system_stm32g4xx.o
    0x08002ed0   0x08002ed0   0x00000044   Code   RO         1124    i.UARTEx_SetNbDataToProcess  stm32g4xx_hal_uart_ex.o
    0x08002f14   0x08002f14   0x000000c8   Code   RO          734    i.UART_AdvFeatureConfig  stm32g4xx_hal_uart.o
    0x08002fdc   0x08002fdc   0x00000060   Code   RO          735    i.UART_CheckIdleState  stm32g4xx_hal_uart.o
    0x0800303c   0x0800303c   0x00000274   Code   RO          752    i.UART_SetConfig    stm32g4xx_hal_uart.o
    0x080032b0   0x080032b0   0x000000c6   Code   RO          759    i.UART_WaitOnFlagUntilTimeout  stm32g4xx_hal_uart.o
    0x08003376   0x08003376   0x00000002   Code   RO          324    i.UsageFault_Handler  stm32g4xx_it.o
    0x08003378   0x08003378   0x00000030   Code   RO         8996    i.__ARM_fpclassify  m_wm.l(fpclassify.o)
    0x080033a8   0x080033a8   0x00000026   Code   RO         8998    i.__ARM_fpclassifyf  m_wm.l(fpclassifyf.o)
    0x080033ce   0x080033ce   0x00000020   Code   RO         2341    i.__NVIC_SetPriority  stm32g4xx_hal_cortex.o
    0x080033ee   0x080033ee   0x00000002   PAD
    0x080033f0   0x080033f0   0x00000190   Code   RO         8811    i.__hardfp_sinf     m_wm.l(sinf.o)
    0x08003580   0x08003580   0x00000006   Code   RO         9001    i.__mathlib_flt_infnan  m_wm.l(funder.o)
    0x08003586   0x08003586   0x00000002   PAD
    0x08003588   0x08003588   0x00000010   Code   RO         9003    i.__mathlib_flt_invalid  m_wm.l(funder.o)
    0x08003598   0x08003598   0x00000010   Code   RO         9006    i.__mathlib_flt_underflow  m_wm.l(funder.o)
    0x080035a8   0x080035a8   0x00000154   Code   RO         9017    i.__mathlib_rredf2  m_wm.l(rredf.o)
    0x080036fc   0x080036fc   0x0000000e   Code   RO         8926    i._is_digit         c_w.l(__printf_wp.o)
    0x0800370a   0x0800370a   0x00000002   PAD
    0x0800370c   0x0800370c   0x0000003e   Code   RO         7478    i.arm_bitreversal_32  transformfunctions.o
    0x0800374a   0x0800374a   0x000000cc   Code   RO         7483    i.arm_cfft_f32      transformfunctions.o
    0x08003816   0x08003816   0x00000188   Code   RO         7544    i.arm_cfft_radix8by2_f32  transformfunctions.o
    0x0800399e   0x0800399e   0x0000042c   Code   RO         7545    i.arm_cfft_radix8by4_f32  transformfunctions.o
    0x08003dca   0x08003dca   0x00000002   PAD
    0x08003dcc   0x08003dcc   0x00000044   Code   RO         3424    i.arm_cmplx_mag_f32  complexmathfunctions.o
    0x08003e10   0x08003e10   0x000004c4   Code   RO         7595    i.arm_radix8_butterfly_f32  transformfunctions.o
    0x080042d4   0x080042d4   0x0000012c   Code   RO           15    i.main              main.o
    0x08004400   0x08004400   0x00000030   Code   RO           16    i.myprintf          main.o
    0x08004430   0x08004430   0x0000002c   Code   RO         9100    locale$$code        c_w.l(lc_numeric_c.o)
    0x0800445c   0x0800445c   0x0000002c   Code   RO         9119    locale$$code        c_w.l(lc_ctype_c.o)
    0x08004488   0x08004488   0x0000000c   Code   RO         8963    x$fpl$dretinf       fz_wm.l(dretinf.o)
    0x08004494   0x08004494   0x00000056   Code   RO         8729    x$fpl$f2d           fz_wm.l(f2d.o)
    0x080044ea   0x080044ea   0x0000008c   Code   RO         8967    x$fpl$fnaninf       fz_wm.l(fnaninf.o)
    0x08004576   0x08004576   0x0000000a   Code   RO         9187    x$fpl$fpinit        fz_wm.l(fpinit.o)
    0x08004580   0x08004580   0x00000004   Code   RO         8973    x$fpl$printf1       fz_wm.l(printf1.o)
    0x08004584   0x08004584   0x00000004   Code   RO         8975    x$fpl$printf2       fz_wm.l(printf2.o)
    0x08004588   0x08004588   0x00000000   Code   RO         8981    x$fpl$usenofp       fz_wm.l(usenofp.o)
    0x08004588   0x08004588   0x00000018   Data   RO          760    .constdata          stm32g4xx_hal_uart.o
    0x080045a0   0x080045a0   0x00000010   Data   RO         1125    .constdata          stm32g4xx_hal_uart_ex.o
    0x080045b0   0x080045b0   0x00000010   Data   RO         2460    .constdata          system_stm32g4xx.o
    0x080045c0   0x080045c0   0x00000008   Data   RO         2461    .constdata          system_stm32g4xx.o
    0x080045c8   0x080045c8   0x00001000   Data   RO         3184    .constdata          commontables.o
    0x080055c8   0x080055c8   0x00000380   Data   RO         3220    .constdata          commontables.o
    0x08005948   0x08005948   0x00000010   Data   RO         3300    .constdata          commontables.o
    0x08005958   0x08005958   0x00000008   Data   RO         8885    .constdata          c_w.l(_printf_wctomb.o)
    0x08005960   0x08005960   0x00000028   Data   RO         8914    .constdata          c_w.l(_printf_hex_int_ll_ptr.o)
    0x08005988   0x08005988   0x00000011   Data   RO         8934    .constdata          c_w.l(__printf_flags_ss_wp.o)
    0x08005999   0x08005999   0x00000003   PAD
    0x0800599c   0x0800599c   0x00000020   Data   RO         9018    .constdata          m_wm.l(rredf.o)
    0x080059bc   0x080059bc   0x00000026   Data   RO         9049    .constdata          c_w.l(_printf_fp_hex.o)
    0x080059e2   0x080059e2   0x00000002   PAD
    0x080059e4   0x080059e4   0x00000094   Data   RO         9075    .constdata          c_w.l(bigflt0.o)
    0x08005a78   0x08005a78   0x00000020   Data   RO         9245    Region$$Table       anon$$obj.o
    0x08005a98   0x08005a98   0x0000001c   Data   RO         9099    locale$$data        c_w.l(lc_numeric_c.o)
    0x08005ab4   0x08005ab4   0x00000110   Data   RO         9118    locale$$data        c_w.l(lc_ctype_c.o)


    Execution Region RW_IRAM1 (Exec base: 0x20000000, Load base: 0x08005bc4, Size: 0x00002700, Max: 0x00008000, ABSOLUTE)

    Exec Addr    Load Addr    Size         Type   Attr      Idx    E Section Name        Object

    0x20000000   0x08005bc4   0x0000000c   Data   RW         1258    .data               stm32g4xx_hal.o
    0x2000000c   0x08005bd0   0x00000004   Data   RW         2462    .data               system_stm32g4xx.o
    0x20000010        -       0x00002000   Zero   RW           17    .bss                main.o
    0x20002010        -       0x00000090   Zero   RW          277    .bss                usart.o
    0x200020a0        -       0x00000060   Zero   RW         9061    .bss                c_w.l(libspace.o)
    0x20002100        -       0x00000200   Zero   RW            2    HEAP                startup_stm32g431xx.o
    0x20002300        -       0x00000400   Zero   RW            1    STACK               startup_stm32g431xx.o


==============================================================================

Image component sizes


      Code (inc. data)   RO Data    RW Data    ZI Data      Debug   Object Name

         0          0       5008          0          0      13489   commontables.o
        68          6          0          0          0       2076   complexmathfunctions.o
        76          6          0          0          0        907   gpio.o
       452         52          0          0       8192     589356   main.o
        64         26        472          0       1536        860   startup_stm32g431xx.o
       126         20          0         12          0       3789   stm32g4xx_hal.o
       172         14          0          0          0      33246   stm32g4xx_hal_cortex.o
       584         34          0          0          0       1720   stm32g4xx_hal_gpio.o
        48          6          0          0          0        898   stm32g4xx_hal_msp.o
       204         18          0          0          0       1441   stm32g4xx_hal_pwr_ex.o
      1692         88          0          0          0       6388   stm32g4xx_hal_rcc.o
       648         10          0          0          0       1912   stm32g4xx_hal_rcc_ex.o
      1416         66         24          0          0      25686   stm32g4xx_hal_uart.o
       282          6         16          0          0       3745   stm32g4xx_hal_uart_ex.o
        20          0          0          0          0       4334   stm32g4xx_it.o
        16          4         24          4          0       1183   system_stm32g4xx.o
      2946          4          0          0          0       9565   transformfunctions.o
       232         24          0          0        144       1870   usart.o

    ----------------------------------------------------------------------
      9056        384       5576         16       9872     702465   Object Totals
         0          0         32          0          0          0   (incl. Generated)
        10          0          0          0          0          0   (incl. Padding)

    ----------------------------------------------------------------------

      Code (inc. data)   RO Data    RW Data    ZI Data      Debug   Library Member Name

         8          0          0          0          0         68   __main.o
       392          4         17          0          0         92   __printf_flags_ss_wp.o
        14          0          0          0          0         68   __printf_wp.o
         0          0          0          0          0          0   __rtentry.o
        12          0          0          0          0          0   __rtentry2.o
         6          0          0          0          0          0   __rtentry4.o
        52          8          0          0          0          0   __scatter.o
        26          0          0          0          0          0   __scatter_copy.o
        28          0          0          0          0          0   __scatter_zi.o
         6          0          0          0          0          0   _printf_a.o
         6          0          0          0          0          0   _printf_c.o
        44          0          0          0          0        108   _printf_char.o
        48          6          0          0          0         96   _printf_char_common.o
        40          0          0          0          0         68   _printf_charcount.o
         6          0          0          0          0          0   _printf_d.o
       120         16          0          0          0         92   _printf_dec.o
         6          0          0          0          0          0   _printf_e.o
         6          0          0          0          0          0   _printf_f.o
      1054          0          0          0          0        216   _printf_fp_dec.o
       764          8         38          0          0        100   _printf_fp_hex.o
       128         16          0          0          0         84   _printf_fp_infnan.o
         6          0          0          0          0          0   _printf_g.o
       148          4         40          0          0        160   _printf_hex_int_ll_ptr.o
         6          0          0          0          0          0   _printf_i.o
       178          0          0          0          0         88   _printf_intcommon.o
        10          0          0          0          0          0   _printf_l.o
         6          0          0          0          0          0   _printf_lc.o
        10          0          0          0          0          0   _printf_ll.o
         6          0          0          0          0          0   _printf_lld.o
         6          0          0          0          0          0   _printf_lli.o
         6          0          0          0          0          0   _printf_llo.o
         6          0          0          0          0          0   _printf_llu.o
         6          0          0          0          0          0   _printf_llx.o
       124         16          0          0          0         92   _printf_longlong_dec.o
         6          0          0          0          0          0   _printf_ls.o
         6          0          0          0          0          0   _printf_n.o
         6          0          0          0          0          0   _printf_o.o
       112         10          0          0          0        124   _printf_oct_int_ll.o
         6          0          0          0          0          0   _printf_p.o
        78          0          0          0          0        108   _printf_pad.o
         0          0          0          0          0          0   _printf_percent.o
         4          0          0          0          0          0   _printf_percent_end.o
         6          0          0          0          0          0   _printf_s.o
        82          0          0          0          0         80   _printf_str.o
        36          0          0          0          0         84   _printf_truncate.o
         6          0          0          0          0          0   _printf_u.o
        44          0          0          0          0        108   _printf_wchar.o
       188          6          8          0          0         92   _printf_wctomb.o
         6          0          0          0          0          0   _printf_x.o
        22          0          0          0          0        100   _rserrno.o
        16          0          0          0          0         68   _snputc.o
        10          0          0          0          0         68   _sputc.o
        64          0          0          0          0         92   _wcrtomb.o
       228          4        148          0          0         96   bigflt0.o
      1936        128          0          0          0        672   btod.o
        18          0          0          0          0         80   exit.o
         6          0          0          0          0        152   heapauxi.o
         0          0          0          0          0          0   indicate_semi.o
        44         10        272          0          0         76   lc_ctype_c.o
        44         10         28          0          0         76   lc_numeric_c.o
         2          0          0          0          0          0   libinit.o
        34          0          0          0          0          0   libinit2.o
         2          0          0          0          0          0   libshutdown.o
         2          0          0          0          0          0   libshutdown2.o
         8          4          0          0         96         68   libspace.o
       138          0          0          0          0         80   lludiv10.o
       238          0          0          0          0        100   lludivv7m.o
        16          4          0          0          0         76   rt_ctype_table.o
         8          4          0          0          0         68   rt_errno_addr_intlibspace.o
         8          4          0          0          0         68   rt_locale_intlibspace.o
        78          0          0          0          0         80   rt_memclr_w.o
         2          0          0          0          0          0   rtexit.o
        10          0          0          0          0          0   rtexit2.o
       128          0          0          0          0         68   strcmpv7m.o
        62          0          0          0          0         76   strlen.o
        12          4          0          0          0         68   sys_exit.o
        74          0          0          0          0         80   sys_stackheap_outer.o
         2          0          0          0          0         68   use_no_semi.o
        52          4          0          0          0         80   vsnprintf.o
        12          0          0          0          0        116   dretinf.o
        86          4          0          0          0        132   f2d.o
       140          4          0          0          0        132   fnaninf.o
        10          0          0          0          0        116   fpinit.o
         4          0          0          0          0        116   printf1.o
         4          0          0          0          0        116   printf2.o
         0          0          0          0          0          0   usenofp.o
        48          0          0          0          0        124   fpclassify.o
        38          0          0          0          0        116   fpclassifyf.o
        38         12          0          0          0        348   funder.o
       340         24         32          0          0        160   rredf.o
       400         56          0          0          0        212   sinf.o

    ----------------------------------------------------------------------
      8272        370        588          0         96       6076   Library Totals
        18          0          5          0          0          0   (incl. Padding)

    ----------------------------------------------------------------------

      Code (inc. data)   RO Data    RW Data    ZI Data      Debug   Library Name

      7134        270        551          0         96       4388   c_w.l
       256          8          0          0          0        728   fz_wm.l
       864         92         32          0          0        960   m_wm.l

    ----------------------------------------------------------------------
      8272        370        588          0         96       6076   Library Totals

    ----------------------------------------------------------------------

==============================================================================


      Code (inc. data)   RO Data    RW Data    ZI Data      Debug   

     17328        754       6164         16       9968     700649   Grand Totals
     17328        754       6164         16       9968     700649   ELF Image Totals
     17328        754       6164         16          0          0   ROM Totals

==============================================================================

    Total RO  Size (Code + RO Data)                23492 (  22.94kB)
    Total RW  Size (RW Data + ZI Data)              9984 (   9.75kB)
    Total ROM Size (Code + RO Data + RW Data)      23508 (  22.96kB)

==============================================================================

